etapa2 128 / 3936
etapa2 256 / 3936
etapa2 384 / 3936
etapa2 512 / 3936
etapa2 640 / 3936
etapa2 768 / 3936
etapa2 896 / 3936
etapa2 1024 / 3936
etapa2 1152 / 3936
etapa2 1280 / 3936
etapa2 1408 / 3936
etapa2 1536 / 3936
etapa2 1664 / 3936
etapa2 1792 / 3936
etapa2 1920 / 3936
etapa2 2048 / 3936
etapa2 2176 / 3936
etapa2 2304 / 3936
etapa2 2432 / 3936
etapa2 2560 / 3936
etapa2 2688 / 3936
etapa2 2816 / 3936
etapa2 2944 / 3936
etapa2 3072 / 3936
etapa2 3200 / 3936
etapa2 3328 / 3936
etapa2 3456 / 3936
etapa2 3584 / 3936
etapa2 3712 / 3936
etapa2 3840 / 3936
etapa2 3936 / 3936
