etapa3 128 / 4704
etapa3 256 / 4704
etapa3 384 / 4704
etapa3 512 / 4704
etapa3 640 / 4704
etapa3 768 / 4704
etapa3 896 / 4704
etapa3 1024 / 4704
etapa3 1152 / 4704
etapa3 1280 / 4704
etapa3 1408 / 4704
etapa3 1536 / 4704
etapa3 1664 / 4704
etapa3 1792 / 4704
etapa3 1920 / 4704
etapa3 2048 / 4704
etapa3 2176 / 4704
etapa3 2304 / 4704
etapa3 2432 / 4704
etapa3 2560 / 4704
etapa3 2688 / 4704
etapa3 2816 / 4704
etapa3 2944 / 4704
etapa3 3072 / 4704
etapa3 3200 / 4704
etapa3 3328 / 4704
etapa3 3456 / 4704
etapa3 3584 / 4704
etapa3 3712 / 4704
etapa3 3840 / 4704
etapa3 3968 / 4704
etapa3 4096 / 4704
etapa3 4224 / 4704
etapa3 4352 / 4704
etapa3 4480 / 4704
etapa3 4608 / 4704
etapa3 4704 / 4704
