32 / 960 diferencas 8 segundos 2
64 / 960 diferencas 16 segundos 3
96 / 960 diferencas 24 segundos 5
128 / 960 diferencas 32 segundos 6
160 / 960 diferencas 40 segundos 7
192 / 960 diferencas 48 segundos 8
224 / 960 diferencas 56 segundos 9
256 / 960 diferencas 64 segundos 11
288 / 960 diferencas 72 segundos 12
320 / 960 diferencas 80 segundos 13
352 / 960 diferencas 88 segundos 14
384 / 960 diferencas 96 segundos 15
416 / 960 diferencas 104 segundos 17
448 / 960 diferencas 112 segundos 18
480 / 960 diferencas 120 segundos 19
512 / 960 diferencas 128 segundos 21
544 / 960 diferencas 136 segundos 22
576 / 960 diferencas 144 segundos 23
608 / 960 diferencas 152 segundos 25
640 / 960 diferencas 160 segundos 26
672 / 960 diferencas 168 segundos 28
704 / 960 diferencas 176 segundos 29
736 / 960 diferencas 184 segundos 30
768 / 960 diferencas 192 segundos 32
800 / 960 diferencas 200 segundos 33
832 / 960 diferencas 208 segundos 34
864 / 960 diferencas 216 segundos 36
896 / 960 diferencas 224 segundos 37
928 / 960 diferencas 232 segundos 38
960 / 960 diferencas 240 segundos 40
{
  "aprovado": false,
  "escopo": "Todos os controles dos 21 pares pre-registrados: 30 perfis/bracos unicos x 4 instancias x 4 sementes x 2 cantos; nao a grade inteira de 81 perfis",
  "N_exec": 960,
  "resumo": {
    "00": {
      "exec": 480,
      "comparacoes": 25440,
      "campos": [
        "concluiu",
        "makespan",
        "makespan_cpm",
        "E_total",
        "S_UR_final",
        "S_UR_maximo",
        "S_PV_final",
        "TW",
        "TL",
        "TU",
        "TR",
        "n_limpas",
        "n_com_erro",
        "n_reportadas",
        "n_adiamentos",
        "taxa_omissao",
        "taxa_falha_efetiva",
        "E_plano",
        "retrabalho_sobre_esforco_total",
        "retrabalho_sobre_plano",
        "divida_latente_sobre_plano",
        "retrabalho_sobre_esforco_realizado",
        "p1_omissao",
        "p1_fuga",
        "p2_ajuda",
        "p2_bloqueio",
        "p3_analitica",
        "hiato_encontrado",
        "hiato_sem_colega_capaz",
        "hiato_sem_colega_livre",
        "hiato_colega_capaz_sem_confianca",
        "competencia_maxima_inicial",
        "competencia_minima_inicial",
        "tarefas_acima_da_competencia_maxima_inicial",
        "n_tarefas",
        "N_req",
        "N_fail",
        "N_blocked",
        "N_success",
        "competencia_maxima_final",
        "ablacoes",
        "retrabalho_gerado",
        "retrabalho_pendente",
        "ocupacao_retrabalho",
        "extensoes_horizonte",
        "motivo_termino",
        "confianca_media_final",
        "kind",
        "violacoes",
        "atraso_relativo",
        "fracao_porta1",
        "n_selecoes_p1",
        "fracao_fuga_p1"
      ],
      "execucoes_divergentes": 120,
      "divergencias": 120,
      "por_campo": {
        "competencia_minima_inicial": 120
      }
    },
    "11": {
      "exec": 480,
      "comparacoes": 24000,
      "campos": [
        "concluiu",
        "makespan",
        "makespan_cpm",
        "E_total",
        "S_UR_final",
        "S_UR_maximo",
        "S_PV_final",
        "TW",
        "TL",
        "TU",
        "TR",
        "n_limpas",
        "n_com_erro",
        "n_reportadas",
        "n_adiamentos",
        "taxa_omissao",
        "taxa_falha_efetiva",
        "E_plano",
        "retrabalho_sobre_esforco_total",
        "retrabalho_sobre_plano",
        "divida_latente_sobre_plano",
        "retrabalho_sobre_esforco_realizado",
        "p1_omissao",
        "p1_fuga",
        "p2_ajuda",
        "p2_bloqueio",
        "p3_analitica",
        "hiato_encontrado",
        "hiato_sem_colega_capaz",
        "hiato_sem_colega_livre",
        "hiato_colega_capaz_sem_confianca",
        "competencia_maxima_inicial",
        "competencia_minima_inicial",
        "tarefas_acima_da_competencia_maxima_inicial",
        "n_tarefas",
        "N_req",
        "N_fail",
        "N_blocked",
        "N_success",
        "competencia_maxima_final",
        "ablacoes",
        "retrabalho_gerado",
        "retrabalho_pendente",
        "ocupacao_retrabalho",
        "extensoes_horizonte",
        "motivo_termino",
        "confianca_media_final",
        "violacoes",
        "atraso_relativo",
        "fracao_porta1"
      ],
      "execucoes_divergentes": 120,
      "divergencias": 120,
      "por_campo": {
        "competencia_minima_inicial": 120
      }
    }
  },
  "campos_dinamicos": [
    "makespan",
    "TW",
    "TL",
    "TU",
    "TR",
    "taxa_falha_efetiva",
    "p1_omissao",
    "N_req"
  ],
  "N_divergencias_dinamicas": 0,
  "somente_competencia_minima_inicial": true,
  "parser_round_trip_igual_float_literal": true,
  "protegidos_inalterados": {
    "config/mvp.yaml": true,
    "config/mvp_v1.yaml": true,
    "config/parametros.yaml": true,
    "config/parametros_derivados.yaml": true,
    "src/modelo/simulador.py": true,
    "src/modelo/fuzzy.py": true,
    "src/modelo/02_verificar_simulador.py": true,
    "src/modelo/10_decomposicao_fatorial.py": true,
    "src/modelo/heterogeneidade_erro.py": true,
    "src/modelo/21_canais_mvp.py": true,
    "src/modelo/24_analisar_correcao.py": true,
    "src/modelo/23_instrumentacao_correcao.py": true,
    "src/modelo/14_experimento_por_instancia.py": true,
    "src/modelo/18_analisar_pilotos_revisao.py": true,
    "src/modelo/05_figuras_modelo.py": true,
    "src/modelo/20_experimento_mvp.py": true,
    "src/modelo/17_pilotos_revisao.py": true,
    "src/modelo/26_testes_arranjo.py": true,
    "src/modelo/ancoragem_stewart.py": true,
    "src/modelo/08_verificar_ablacao.py": true,
    "src/modelo/22_consolidar_mvp.py": true,
    "src/modelo/09_sensibilidade_tau_min.py": true,
    "src/modelo/19_piloto_fronteira.py": true,
    "src/modelo/13_exportar_tabelas_entrega.py": true,
    "src/modelo/07_ablacao_governanca.py": true,
    "src/modelo/12_porta2_operacionalizacao.py": true,
    "src/modelo/01_derivar_parametros.py": true,
    "src/modelo/25_teste_tempo_aprendizado.py": true,
    "src/modelo/03_experimento_cenarios.py": true,
    "src/modelo/simulador_mvp.py": true,
    "src/modelo/04_gemeo_identico.py": true,
    "src/modelo/06_exportar_parametros.py": true,
    "src/modelo/11_tendencia_pressao.py": true,
    "src/modelo/15_diagnostico_hm.py": true,
    "src/modelo/16_reanalise_revisao.py": true
  }
}
