16/320
Traceback (most recent call last):
  File "/private/tmp/tcc2-auditoria-v2/research/lote_noturno/a1.py", line 60, in <module>
    for i,row in enumerate(pool.map(job,jobs,chunksize=1)):
  File "/Library/Developer/CommandLineTools/Library/Frameworks/Python3.framework/Versions/3.9/lib/python3.9/concurrent/futures/process.py", line 559, in _chain_from_iterable_of_lists
    for element in iterable:
  File "/Library/Developer/CommandLineTools/Library/Frameworks/Python3.framework/Versions/3.9/lib/python3.9/concurrent/futures/_base.py", line 608, in result_iterator
    yield fs.pop().result()
  File "/Library/Developer/CommandLineTools/Library/Frameworks/Python3.framework/Versions/3.9/lib/python3.9/concurrent/futures/_base.py", line 440, in result
    self._condition.wait(timeout)
  File "/Library/Developer/CommandLineTools/Library/Frameworks/Python3.framework/Versions/3.9/lib/python3.9/threading.py", line 312, in wait
    waiter.acquire()
KeyboardInterrupt

During handling of the above exception, another exception occurred:

Traceback (most recent call last):
  File "/private/tmp/tcc2-auditoria-v2/research/lote_noturno/a1.py", line 63, in <module>
    if (i+1)%16==0:print(f'{i+1}/{len(jobs)}',flush=True)
  File "/Library/Developer/CommandLineTools/Library/Frameworks/Python3.framework/Versions/3.9/lib/python3.9/concurrent/futures/_base.py", line 636, in __exit__
    self.shutdown(wait=True)
  File "/Library/Developer/CommandLineTools/Library/Frameworks/Python3.framework/Versions/3.9/lib/python3.9/concurrent/futures/process.py", line 740, in shutdown
    self._executor_manager_thread.join()
  File "/Library/Developer/CommandLineTools/Library/Frameworks/Python3.framework/Versions/3.9/lib/python3.9/threading.py", line 1053, in join
    self._wait_for_tstate_lock()
  File "/Library/Developer/CommandLineTools/Library/Frameworks/Python3.framework/Versions/3.9/lib/python3.9/threading.py", line 1069, in _wait_for_tstate_lock
    elif lock.acquire(block, timeout):
KeyboardInterrupt
