test_acao_e_controle_negativo (test_a1.Fuga.test_acao_e_controle_negativo) ... ok
test_condicao_depende_do_estado_e_estrita (test_a1.Fuga.test_condicao_depende_do_estado_e_estrita) ... ok
test_constante_explicita_identica_default (test_a1.Fuga.test_constante_explicita_identica_default) ... ok
test_contrafactual_mesmo_estado_e_sorteio (test_a1.Fuga.test_contrafactual_mesmo_estado_e_sorteio) ... ok
test_opcao_invalida (test_a1.Fuga.test_opcao_invalida) ... ok
test_historica_explicita_default (test_ancoragem_mvp.IntegracaoAncora.test_historica_explicita_default) ... ok
test_mapas_modificam_risco_basal_efetivo (test_ancoragem_mvp.IntegracaoAncora.test_mapas_modificam_risco_basal_efetivo) ... ok
test_opcoes_invalidas (test_ancoragem_mvp.IntegracaoAncora.test_opcoes_invalidas) ... ok
test_celulas_isolam_blocos (test_arranjo.Arranjo.test_celulas_isolam_blocos) ... ok
test_detector_rejeita_inclinacao_e_aceita_degrau (test_arranjo.Arranjo.test_detector_rejeita_inclinacao_e_aceita_degrau) ... ok
test_malha_inclui_igualdade_e_vizinhos_estritos (test_arranjo.Arranjo.test_malha_inclui_igualdade_e_vizinhos_estritos) ... ok
test_sem_tarefa_nao_virar_fracao_zero (test_b2_censura.CensuraB2.test_sem_tarefa_nao_virar_fracao_zero) ... ok
test_dominio_explicito (test_c2_formula.FormulaBeta.test_dominio_explicito) ... ok
test_momentos_impressos_arredondam_como_fonte (test_c2_formula.FormulaBeta.test_momentos_impressos_arredondam_como_fonte) ... ok
test_momentos_por_biblioteca_independente (test_c2_formula.FormulaBeta.test_momentos_por_biblioteca_independente) ... ok
test_nenhuma_contra_efd1248 (test_c2_identidade_anterior.IdentidadeC2.test_nenhuma_contra_efd1248) ... FAIL
test_beta_fixa_por_agente_e_usada_em_p0 (test_c2_integracao.Heterogeneidade.test_beta_fixa_por_agente_e_usada_em_p0) ... ok
test_c1_admissivel_e_opcao_invalida (test_c2_integracao.Heterogeneidade.test_c1_admissivel_e_opcao_invalida) ... ok
test_invalida_antes_de_rng (test_c2_integracao.Heterogeneidade.test_invalida_antes_de_rng) ... ok
test_nenhuma_explicita_identica_default (test_c2_integracao.Heterogeneidade.test_nenhuma_explicita_identica_default) ... ok
test_A16 (test_c3_discriminante.ControleDiscriminante.test_A16) ... ok
test_candidata_confere_com_implementacao_original (test_c3_discriminante.ControleDiscriminante.test_candidata_confere_com_implementacao_original) ... ok
test_cinco_erros_sao_discriminados (test_c3_discriminante.ControleDiscriminante.test_cinco_erros_sao_discriminados) ... ok
test_decomposicao_recupera_interacao_conhecida (test_canais_mvp.TestCanais.test_decomposicao_recupera_interacao_conhecida) ... ok
test_desligado_equivale_a_R_zero (test_canal_erro_direto.CanalErroDireto.test_desligado_equivale_a_R_zero) ... ok
test_instrumentacao_desligada_preserva_resultado_e_rng (test_canal_erro_direto.CanalErroDireto.test_instrumentacao_desligada_preserva_resultado_e_rng) ... ok
test_opcao_existe_com_default_ativo (test_canal_erro_direto.CanalErroDireto.test_opcao_existe_com_default_ativo) ... ok
test_valor_invalido_rejeitado (test_canal_erro_direto.CanalErroDireto.test_valor_invalido_rejeitado) ... ok
test_controle_negativo_falha_em_detectar_efeito (test_causal_porta.Causal.test_controle_negativo_falha_em_detectar_efeito) ... ok
test_efeito_causal_no_mesmo_estado_e_sorteio (test_causal_porta.Causal.test_efeito_causal_no_mesmo_estado_e_sorteio) ... ok
test_horizonte_fixo_nao_aplica_teto_automatico (test_compatibilidade.Compatibilidade.test_horizonte_fixo_nao_aplica_teto_automatico) ... ok
test_laco_neutro_bit_a_bit (test_compatibilidade.Compatibilidade.test_laco_neutro_bit_a_bit) ... ok
test_nominal_unitario_contra_baseline_1fd22ff (test_compatibilidade.Compatibilidade.test_nominal_unitario_contra_baseline_1fd22ff) ... 
  test_nominal_unitario_contra_baseline_1fd22ff (test_compatibilidade.Compatibilidade.test_nominal_unitario_contra_baseline_1fd22ff) (arquivo='j6010_1.sm', cenario='centralizada', semente=0) ... FAIL
  test_nominal_unitario_contra_baseline_1fd22ff (test_compatibilidade.Compatibilidade.test_nominal_unitario_contra_baseline_1fd22ff) (arquivo='j6010_1.sm', cenario='centralizada', semente=1) ... FAIL
  test_nominal_unitario_contra_baseline_1fd22ff (test_compatibilidade.Compatibilidade.test_nominal_unitario_contra_baseline_1fd22ff) (arquivo='j6010_1.sm', cenario='centralizada', semente=2) ... FAIL
  test_nominal_unitario_contra_baseline_1fd22ff (test_compatibilidade.Compatibilidade.test_nominal_unitario_contra_baseline_1fd22ff) (arquivo='j6010_1.sm', cenario='centralizada', semente=3) ... FAIL
  test_nominal_unitario_contra_baseline_1fd22ff (test_compatibilidade.Compatibilidade.test_nominal_unitario_contra_baseline_1fd22ff) (arquivo='j6010_1.sm', cenario='adaptativa', semente=0) ... FAIL
  test_nominal_unitario_contra_baseline_1fd22ff (test_compatibilidade.Compatibilidade.test_nominal_unitario_contra_baseline_1fd22ff) (arquivo='j6010_1.sm', cenario='adaptativa', semente=1) ... FAIL
  test_nominal_unitario_contra_baseline_1fd22ff (test_compatibilidade.Compatibilidade.test_nominal_unitario_contra_baseline_1fd22ff) (arquivo='j6010_1.sm', cenario='adaptativa', semente=2) ... FAIL
  test_nominal_unitario_contra_baseline_1fd22ff (test_compatibilidade.Compatibilidade.test_nominal_unitario_contra_baseline_1fd22ff) (arquivo='j6010_1.sm', cenario='adaptativa', semente=3) ... FAIL
  test_nominal_unitario_contra_baseline_1fd22ff (test_compatibilidade.Compatibilidade.test_nominal_unitario_contra_baseline_1fd22ff) (arquivo='j6021_1.sm', cenario='centralizada', semente=0) ... FAIL
  test_nominal_unitario_contra_baseline_1fd22ff (test_compatibilidade.Compatibilidade.test_nominal_unitario_contra_baseline_1fd22ff) (arquivo='j6021_1.sm', cenario='centralizada', semente=1) ... FAIL
  test_nominal_unitario_contra_baseline_1fd22ff (test_compatibilidade.Compatibilidade.test_nominal_unitario_contra_baseline_1fd22ff) (arquivo='j6021_1.sm', cenario='centralizada', semente=2) ... FAIL
  test_nominal_unitario_contra_baseline_1fd22ff (test_compatibilidade.Compatibilidade.test_nominal_unitario_contra_baseline_1fd22ff) (arquivo='j6021_1.sm', cenario='centralizada', semente=3) ... FAIL
  test_nominal_unitario_contra_baseline_1fd22ff (test_compatibilidade.Compatibilidade.test_nominal_unitario_contra_baseline_1fd22ff) (arquivo='j6021_1.sm', cenario='adaptativa', semente=0) ... FAIL
  test_nominal_unitario_contra_baseline_1fd22ff (test_compatibilidade.Compatibilidade.test_nominal_unitario_contra_baseline_1fd22ff) (arquivo='j6021_1.sm', cenario='adaptativa', semente=1) ... FAIL
  test_nominal_unitario_contra_baseline_1fd22ff (test_compatibilidade.Compatibilidade.test_nominal_unitario_contra_baseline_1fd22ff) (arquivo='j6021_1.sm', cenario='adaptativa', semente=2) ... FAIL
  test_nominal_unitario_contra_baseline_1fd22ff (test_compatibilidade.Compatibilidade.test_nominal_unitario_contra_baseline_1fd22ff) (arquivo='j6021_1.sm', cenario='adaptativa', semente=3) ... FAIL
  test_nominal_unitario_contra_baseline_1fd22ff (test_compatibilidade.Compatibilidade.test_nominal_unitario_contra_baseline_1fd22ff) (arquivo='j6032_1.sm', cenario='centralizada', semente=0) ... FAIL
  test_nominal_unitario_contra_baseline_1fd22ff (test_compatibilidade.Compatibilidade.test_nominal_unitario_contra_baseline_1fd22ff) (arquivo='j6032_1.sm', cenario='centralizada', semente=1) ... FAIL
  test_nominal_unitario_contra_baseline_1fd22ff (test_compatibilidade.Compatibilidade.test_nominal_unitario_contra_baseline_1fd22ff) (arquivo='j6032_1.sm', cenario='centralizada', semente=2) ... FAIL
  test_nominal_unitario_contra_baseline_1fd22ff (test_compatibilidade.Compatibilidade.test_nominal_unitario_contra_baseline_1fd22ff) (arquivo='j6032_1.sm', cenario='centralizada', semente=3) ... FAIL
  test_nominal_unitario_contra_baseline_1fd22ff (test_compatibilidade.Compatibilidade.test_nominal_unitario_contra_baseline_1fd22ff) (arquivo='j6032_1.sm', cenario='adaptativa', semente=0) ... FAIL
  test_nominal_unitario_contra_baseline_1fd22ff (test_compatibilidade.Compatibilidade.test_nominal_unitario_contra_baseline_1fd22ff) (arquivo='j6032_1.sm', cenario='adaptativa', semente=1) ... FAIL
  test_nominal_unitario_contra_baseline_1fd22ff (test_compatibilidade.Compatibilidade.test_nominal_unitario_contra_baseline_1fd22ff) (arquivo='j6032_1.sm', cenario='adaptativa', semente=2) ... FAIL
  test_nominal_unitario_contra_baseline_1fd22ff (test_compatibilidade.Compatibilidade.test_nominal_unitario_contra_baseline_1fd22ff) (arquivo='j6032_1.sm', cenario='adaptativa', semente=3) ... FAIL
  test_nominal_unitario_contra_baseline_1fd22ff (test_compatibilidade.Compatibilidade.test_nominal_unitario_contra_baseline_1fd22ff) (arquivo='j6043_1.sm', cenario='centralizada', semente=0) ... FAIL
  test_nominal_unitario_contra_baseline_1fd22ff (test_compatibilidade.Compatibilidade.test_nominal_unitario_contra_baseline_1fd22ff) (arquivo='j6043_1.sm', cenario='centralizada', semente=1) ... FAIL
  test_nominal_unitario_contra_baseline_1fd22ff (test_compatibilidade.Compatibilidade.test_nominal_unitario_contra_baseline_1fd22ff) (arquivo='j6043_1.sm', cenario='centralizada', semente=2) ... FAIL
  test_nominal_unitario_contra_baseline_1fd22ff (test_compatibilidade.Compatibilidade.test_nominal_unitario_contra_baseline_1fd22ff) (arquivo='j6043_1.sm', cenario='centralizada', semente=3) ... FAIL
  test_nominal_unitario_contra_baseline_1fd22ff (test_compatibilidade.Compatibilidade.test_nominal_unitario_contra_baseline_1fd22ff) (arquivo='j6043_1.sm', cenario='adaptativa', semente=0) ... FAIL
  test_nominal_unitario_contra_baseline_1fd22ff (test_compatibilidade.Compatibilidade.test_nominal_unitario_contra_baseline_1fd22ff) (arquivo='j6043_1.sm', cenario='adaptativa', semente=1) ... FAIL
  test_nominal_unitario_contra_baseline_1fd22ff (test_compatibilidade.Compatibilidade.test_nominal_unitario_contra_baseline_1fd22ff) (arquivo='j6043_1.sm', cenario='adaptativa', semente=2) ... FAIL
  test_nominal_unitario_contra_baseline_1fd22ff (test_compatibilidade.Compatibilidade.test_nominal_unitario_contra_baseline_1fd22ff) (arquivo='j6043_1.sm', cenario='adaptativa', semente=3) ... FAIL
test_bloqueio_nao_envia_e_nao_muda_confianca (test_crowder.Crowder.test_bloqueio_nao_envia_e_nao_muda_confianca) ... ok
test_canais_dinamicos_e_limites (test_crowder.Crowder.test_canais_dinamicos_e_limites) ... ok
test_laco_real_contabiliza_eventos_e_canais_diagonais (test_crowder.Crowder.test_laco_real_contabiliza_eventos_e_canais_diagonais) ... ok
test_override_portao_nao_altera_rede (test_crowder.Crowder.test_override_portao_nao_altera_rede) ... ok
test_pedido_enviado_sem_resposta_decrementa_respondente (test_crowder.Crowder.test_pedido_enviado_sem_resposta_decrementa_respondente) ... ok
test_reset_competencia_por_subtarefa_sem_reset_confianca (test_crowder.Crowder.test_reset_competencia_por_subtarefa_sem_reset_confianca) ... ok
test_reset_no_periodo_final_do_horizonte (test_crowder.Crowder.test_reset_no_periodo_final_do_horizonte) ... ok
test_sucesso_credita_respondente_e_converte_competencia (test_crowder.Crowder.test_sucesso_credita_respondente_e_converte_competencia) ... ok
test_aceita_copia_viva_identica_ao_snapshot_fixado (test_documento_oficial.VerificadorDocumentoOficialTest.test_aceita_copia_viva_identica_ao_snapshot_fixado) ... ok
test_rejeita_caminho_vivo_ausente (test_documento_oficial.VerificadorDocumentoOficialTest.test_rejeita_caminho_vivo_ausente) ... ok
test_rejeita_documento_vivo_divergente (test_documento_oficial.VerificadorDocumentoOficialTest.test_rejeita_documento_vivo_divergente) ... ok
test_custo_real_por_periodo_e_tarefa (test_drenagem_v3.DrenagemV3.test_custo_real_por_periodo_e_tarefa) ... ok
test_guarda_nova_independente_de_identidade (test_drenagem_v3.DrenagemV3.test_guarda_nova_independente_de_identidade) ... ok
test_negativo_drenagem_acelerada_reprova_economia (test_drenagem_v3.DrenagemV3.test_negativo_drenagem_acelerada_reprova_economia) ... ok
test_tarefa_unitaria_nao_promete_economia_estrita (test_drenagem_v3.DrenagemV3.test_tarefa_unitaria_nao_promete_economia_estrita) ... ok
test_bloqueio_nao_envia_e_nao_muda_confianca (test_crowder.Crowder.test_bloqueio_nao_envia_e_nao_muda_confianca) ... ok
test_canais_dinamicos_e_limites (test_crowder.Crowder.test_canais_dinamicos_e_limites) ... ok
test_laco_real_contabiliza_eventos_e_canais_diagonais (test_crowder.Crowder.test_laco_real_contabiliza_eventos_e_canais_diagonais) ... ok
test_override_portao_nao_altera_rede (test_crowder.Crowder.test_override_portao_nao_altera_rede) ... ok
test_pedido_enviado_sem_resposta_decrementa_respondente (test_crowder.Crowder.test_pedido_enviado_sem_resposta_decrementa_respondente) ... ok
test_reset_competencia_por_subtarefa_sem_reset_confianca (test_crowder.Crowder.test_reset_competencia_por_subtarefa_sem_reset_confianca) ... ok
test_reset_no_periodo_final_do_horizonte (test_crowder.Crowder.test_reset_no_periodo_final_do_horizonte) ... ok
test_sucesso_credita_respondente_e_converte_competencia (test_crowder.Crowder.test_sucesso_credita_respondente_e_converte_competencia) ... ok
test_evento_responde_aos_dois_escalares (test_escalares_crowder.Escalares.test_evento_responde_aos_dois_escalares) ... ok
test_nominais_declarados_no_yaml (test_escalares_crowder.Escalares.test_nominais_declarados_no_yaml) ... ok
test_15_3_contra_dfc0d78_tres_caminhos (test_escalares_crowder.IdentidadeAnterior.test_15_3_contra_dfc0d78_tres_caminhos) ... 
  test_15_3_contra_dfc0d78_tres_caminhos (test_escalares_crowder.IdentidadeAnterior.test_15_3_contra_dfc0d78_tres_caminhos) (arq='j6010_1.sm', cen='centralizada', seed=0, path='legado') ... FAIL
  test_15_3_contra_dfc0d78_tres_caminhos (test_escalares_crowder.IdentidadeAnterior.test_15_3_contra_dfc0d78_tres_caminhos) (arq='j6010_1.sm', cen='centralizada', seed=0, path='mvp_nominal') ... FAIL
  test_15_3_contra_dfc0d78_tres_caminhos (test_escalares_crowder.IdentidadeAnterior.test_15_3_contra_dfc0d78_tres_caminhos) (arq='j6010_1.sm', cen='centralizada', seed=0, path='mvp_comunicacao_legada') ... FAIL
  test_15_3_contra_dfc0d78_tres_caminhos (test_escalares_crowder.IdentidadeAnterior.test_15_3_contra_dfc0d78_tres_caminhos) (arq='j6010_1.sm', cen='centralizada', seed=1, path='legado') ... FAIL
  test_15_3_contra_dfc0d78_tres_caminhos (test_escalares_crowder.IdentidadeAnterior.test_15_3_contra_dfc0d78_tres_caminhos) (arq='j6010_1.sm', cen='centralizada', seed=1, path='mvp_nominal') ... FAIL
  test_15_3_contra_dfc0d78_tres_caminhos (test_escalares_crowder.IdentidadeAnterior.test_15_3_contra_dfc0d78_tres_caminhos) (arq='j6010_1.sm', cen='centralizada', seed=1, path='mvp_comunicacao_legada') ... FAIL
  test_15_3_contra_dfc0d78_tres_caminhos (test_escalares_crowder.IdentidadeAnterior.test_15_3_contra_dfc0d78_tres_caminhos) (arq='j6010_1.sm', cen='adaptativa', seed=0, path='legado') ... FAIL
  test_15_3_contra_dfc0d78_tres_caminhos (test_escalares_crowder.IdentidadeAnterior.test_15_3_contra_dfc0d78_tres_caminhos) (arq='j6010_1.sm', cen='adaptativa', seed=0, path='mvp_nominal') ... FAIL
  test_15_3_contra_dfc0d78_tres_caminhos (test_escalares_crowder.IdentidadeAnterior.test_15_3_contra_dfc0d78_tres_caminhos) (arq='j6010_1.sm', cen='adaptativa', seed=0, path='mvp_comunicacao_legada') ... FAIL
  test_15_3_contra_dfc0d78_tres_caminhos (test_escalares_crowder.IdentidadeAnterior.test_15_3_contra_dfc0d78_tres_caminhos) (arq='j6010_1.sm', cen='adaptativa', seed=1, path='legado') ... FAIL
  test_15_3_contra_dfc0d78_tres_caminhos (test_escalares_crowder.IdentidadeAnterior.test_15_3_contra_dfc0d78_tres_caminhos) (arq='j6010_1.sm', cen='adaptativa', seed=1, path='mvp_nominal') ... FAIL
  test_15_3_contra_dfc0d78_tres_caminhos (test_escalares_crowder.IdentidadeAnterior.test_15_3_contra_dfc0d78_tres_caminhos) (arq='j6010_1.sm', cen='adaptativa', seed=1, path='mvp_comunicacao_legada') ... FAIL
  test_15_3_contra_dfc0d78_tres_caminhos (test_escalares_crowder.IdentidadeAnterior.test_15_3_contra_dfc0d78_tres_caminhos) (arq='j6021_1.sm', cen='centralizada', seed=0, path='legado') ... FAIL
  test_15_3_contra_dfc0d78_tres_caminhos (test_escalares_crowder.IdentidadeAnterior.test_15_3_contra_dfc0d78_tres_caminhos) (arq='j6021_1.sm', cen='centralizada', seed=0, path='mvp_nominal') ... FAIL
  test_15_3_contra_dfc0d78_tres_caminhos (test_escalares_crowder.IdentidadeAnterior.test_15_3_contra_dfc0d78_tres_caminhos) (arq='j6021_1.sm', cen='centralizada', seed=0, path='mvp_comunicacao_legada') ... FAIL
  test_15_3_contra_dfc0d78_tres_caminhos (test_escalares_crowder.IdentidadeAnterior.test_15_3_contra_dfc0d78_tres_caminhos) (arq='j6021_1.sm', cen='centralizada', seed=1, path='legado') ... FAIL
  test_15_3_contra_dfc0d78_tres_caminhos (test_escalares_crowder.IdentidadeAnterior.test_15_3_contra_dfc0d78_tres_caminhos) (arq='j6021_1.sm', cen='centralizada', seed=1, path='mvp_nominal') ... FAIL
  test_15_3_contra_dfc0d78_tres_caminhos (test_escalares_crowder.IdentidadeAnterior.test_15_3_contra_dfc0d78_tres_caminhos) (arq='j6021_1.sm', cen='centralizada', seed=1, path='mvp_comunicacao_legada') ... FAIL
  test_15_3_contra_dfc0d78_tres_caminhos (test_escalares_crowder.IdentidadeAnterior.test_15_3_contra_dfc0d78_tres_caminhos) (arq='j6021_1.sm', cen='adaptativa', seed=0, path='legado') ... FAIL
  test_15_3_contra_dfc0d78_tres_caminhos (test_escalares_crowder.IdentidadeAnterior.test_15_3_contra_dfc0d78_tres_caminhos) (arq='j6021_1.sm', cen='adaptativa', seed=0, path='mvp_nominal') ... FAIL
  test_15_3_contra_dfc0d78_tres_caminhos (test_escalares_crowder.IdentidadeAnterior.test_15_3_contra_dfc0d78_tres_caminhos) (arq='j6021_1.sm', cen='adaptativa', seed=0, path='mvp_comunicacao_legada') ... FAIL
  test_15_3_contra_dfc0d78_tres_caminhos (test_escalares_crowder.IdentidadeAnterior.test_15_3_contra_dfc0d78_tres_caminhos) (arq='j6021_1.sm', cen='adaptativa', seed=1, path='legado') ... FAIL
  test_15_3_contra_dfc0d78_tres_caminhos (test_escalares_crowder.IdentidadeAnterior.test_15_3_contra_dfc0d78_tres_caminhos) (arq='j6021_1.sm', cen='adaptativa', seed=1, path='mvp_nominal') ... FAIL
  test_15_3_contra_dfc0d78_tres_caminhos (test_escalares_crowder.IdentidadeAnterior.test_15_3_contra_dfc0d78_tres_caminhos) (arq='j6021_1.sm', cen='adaptativa', seed=1, path='mvp_comunicacao_legada') ... FAIL
test_censura_preservada (test_experimento_mvp.ExperimentoTests.test_censura_preservada) ... ok
test_di_usa_quartis_globais (test_experimento_mvp.ExperimentoTests.test_di_usa_quartis_globais) ... ok
test_saida_existente_recusada (test_experimento_mvp.ExperimentoTests.test_saida_existente_recusada) ... ok
test_registro_completo_sem_mudar_resultado_ou_rng (test_instrumentacao.Instrumentacao.test_registro_completo_sem_mudar_resultado_ou_rng) ... ok
test_automatico_estende_estado_ate_terminal (test_mvp.TestMVP.test_automatico_estende_estado_ate_terminal) ... ok
test_censura_conta_so_trabalho_realizado (test_mvp.TestMVP.test_censura_conta_so_trabalho_realizado) ... ok
test_confianca_constante_e_crowder_limitadas (test_mvp.TestMVP.test_confianca_constante_e_crowder_limitadas) ... ok
test_divida_zero_nao_impede_termino (test_mvp.TestMVP.test_divida_zero_nao_impede_termino) ... ok
test_limite_seguranca_nao_declara_sucesso (test_mvp.TestMVP.test_limite_seguranca_nao_declara_sucesso) ... ok
test_omissao_reduz_tempo_imediato (test_mvp.TestMVP.test_omissao_reduz_tempo_imediato) ... ok
test_opcao_desconhecida_falha (test_mvp.TestMVP.test_opcao_desconhecida_falha) ... ok
test_recurso_inviavel_falha (test_mvp.TestMVP.test_recurso_inviavel_falha) ... ok
test_retrabalho_ocupa_agente_recurso_e_conserva (test_mvp.TestMVP.test_retrabalho_ocupa_agente_recurso_e_conserva) ... ok
test_chave_travada_do_B2_termina_com_portao_logistico (test_portoes_suaves.PortoesSuaves.test_chave_travada_do_B2_termina_com_portao_logistico) ... ok
test_default_nao_cria_fluxo_auxiliar_e_reproduz_nominal (test_portoes_suaves.PortoesSuaves.test_default_nao_cria_fluxo_auxiliar_e_reproduz_nominal) ... FAIL
test_fuga_logistica_dispara_e_termina (test_portoes_suaves.PortoesSuaves.test_fuga_logistica_dispara_e_termina) ... ok
test_nominal_v2_reproduz_arquivo (test_portoes_suaves.PortoesSuaves.test_nominal_v2_reproduz_arquivo) ... FAIL
test_opcoes_invalidas (test_portoes_suaves.PortoesSuaves.test_opcoes_invalidas) ... ok
test_portao_logistico_abre_assistencia_no_centralizado (test_portoes_suaves.PortoesSuaves.test_portao_logistico_abre_assistencia_no_centralizado) ... ok
test_excesso_no_complemento_e_dependente_do_estado (test_qualidade_porta1.Qualidade.test_excesso_no_complemento_e_dependente_do_estado) ... ok
test_rho_zero_preserva_bits_e_extremos (test_qualidade_porta1.Qualidade.test_rho_zero_preserva_bits_e_extremos) ... ok
test_estimador_pareado_preserva_covariancia_da_semente (test_revisao.TestRevisao.test_estimador_pareado_preserva_covariancia_da_semente) ... ok
test_estimando_fixo_nao_trata_offset_entre_instancias_como_ruido (test_revisao.TestRevisao.test_estimando_fixo_nao_trata_offset_entre_instancias_como_ruido) ... ok
test_relatorio_nao_declara_convergencia_ou_produto_suficiente (test_revisao.TestRevisao.test_relatorio_nao_declara_convergencia_ou_produto_suficiente) ... ok
test_censura_e_indefinicao_chegam_ao_valor (test_rotulagem_b2.Rotulos.test_censura_e_indefinicao_chegam_ao_valor) ... ok
test_nao_aceita_tabela_sem_contagem (test_rotulagem_b2.Rotulos.test_nao_aceita_tabela_sem_contagem) ... ok
test_par_real_inclui_cenario_sem_comunicacoes (test_runner_tl.RunnerTL.test_par_real_inclui_cenario_sem_comunicacoes) ... FAIL
test_dominio_nao_extrapola_silencioso (test_stewart_ancora.Ancora.test_dominio_nao_extrapola_silencioso) ... ok
test_seis_pontos_publicados (test_stewart_ancora.Ancora.test_seis_pontos_publicados) ... ok
test_beta_inviavel_falha_sem_clip (test_stewart_c3.StewartC3.test_beta_inviavel_falha_sem_clip) ... ok
test_binomial_e_beta_contra_implementacao_independente (test_stewart_c3.StewartC3.test_binomial_e_beta_contra_implementacao_independente) ... ok
test_portao_detecta_discrepancia_publicada (test_stewart_c3.StewartC3.test_portao_detecta_discrepancia_publicada) ... ok
test_recorrencia_reduz_a_binomial_e_confere_enumeracao (test_stewart_c3.StewartC3.test_recorrencia_reduz_a_binomial_e_confere_enumeracao) ... ok
test_beta_zero_extremos_exatos_e_alvo_fora (test_stewart_c3_39.PrecisaoPublicada.test_beta_zero_extremos_exatos_e_alvo_fora) ... ok
test_envoltorias_contem_pontos_interiores (test_stewart_c3_39.PrecisaoPublicada.test_envoltorias_contem_pontos_interiores) ... ok
test_overrides_nao_trocam_reporte (test_t4_canais.SeparacaoCanais.test_overrides_nao_trocam_reporte) ... ok
test_falha_total_independe_de_reporte_na_tarefa_controlada (test_taxa_falha.TaxaFalha.test_falha_total_independe_de_reporte_na_tarefa_controlada) ... ok
test_controles_separam_estados_iniciais (test_tb23_configuracao.ConfiguracaoConfianca.test_controles_separam_estados_iniciais) ... ok
test_malha_cruza_limiar_estrito (test_tb23_configuracao.ConfiguracaoConfianca.test_malha_cruza_limiar_estrito) ... ok
test_override_nominal_exato (test_tb23_configuracao.ConfiguracaoConfianca.test_override_nominal_exato) ... ok
test_principal_so_muda_tau_inicial (test_tb23_configuracao.ConfiguracaoConfianca.test_principal_so_muda_tau_inicial) ... ok
test_exclui_par_se_um_braco_nao_concluiu (test_tb2_pares.ParesCompletos.test_exclui_par_se_um_braco_nao_concluiu) ... ok
test_nao_pareia_sementes_diferentes (test_tb2_pares.ParesCompletos.test_nao_pareia_sementes_diferentes) ... ok
test_insucesso_eq3_conta_005_mas_bloqueio_nao (test_tempo_aprendizado.TempoAprendizado.test_insucesso_eq3_conta_005_mas_bloqueio_nao) ... ok
test_lei_desconhecida_rejeitada (test_tempo_aprendizado.TempoAprendizado.test_lei_desconhecida_rejeitada) ... ok
test_sucesso_eq3_usa_delta_na_escala_original (test_tempo_aprendizado.TempoAprendizado.test_sucesso_eq3_usa_delta_na_escala_original) ... ok
test_unitario_preserva_convencao_anterior (test_tempo_aprendizado.TempoAprendizado.test_unitario_preserva_convencao_anterior) ... ok

======================================================================
FAIL: test_nenhuma_contra_efd1248 (test_c2_identidade_anterior.IdentidadeC2.test_nenhuma_contra_efd1248)
----------------------------------------------------------------------
Traceback (most recent call last):
  File "/Users/isadoracarvalho/TCC2_discriminante/research/test_c2_identidade_anterior.py", line 25, in test_nenhuma_contra_efd1248
    self.assertEqual(bits(asdict(a.executar())),bits(asdict(b.executar())))
AssertionError: {'con[48193 chars]'violacoes': ['k_heuristico deve exceder k_analitico (TCC I)']} != {'con[48193 chars]'violacoes': []}
Diff is 127654 characters long. Set self.maxDiff to None to see it.

======================================================================
FAIL: test_nominal_unitario_contra_baseline_1fd22ff (test_compatibilidade.Compatibilidade.test_nominal_unitario_contra_baseline_1fd22ff) (arquivo='j6010_1.sm', cenario='centralizada', semente=0)
----------------------------------------------------------------------
Traceback (most recent call last):
  File "/Users/isadoracarvalho/TCC2_discriminante/research/test_compatibilidade.py", line 46, in test_nominal_unitario_contra_baseline_1fd22ff
    self.assertEqual([k for k in antigo if bits(antigo[k])!=bits(novo[k])],[])
AssertionError: Lists differ: ['violacoes'] != []

First list contains 1 additional elements.
First extra element 0:
'violacoes'

- ['violacoes']
+ []

======================================================================
FAIL: test_nominal_unitario_contra_baseline_1fd22ff (test_compatibilidade.Compatibilidade.test_nominal_unitario_contra_baseline_1fd22ff) (arquivo='j6010_1.sm', cenario='centralizada', semente=1)
----------------------------------------------------------------------
Traceback (most recent call last):
  File "/Users/isadoracarvalho/TCC2_discriminante/research/test_compatibilidade.py", line 46, in test_nominal_unitario_contra_baseline_1fd22ff
    self.assertEqual([k for k in antigo if bits(antigo[k])!=bits(novo[k])],[])
AssertionError: Lists differ: ['violacoes'] != []

First list contains 1 additional elements.
First extra element 0:
'violacoes'

- ['violacoes']
+ []

======================================================================
FAIL: test_nominal_unitario_contra_baseline_1fd22ff (test_compatibilidade.Compatibilidade.test_nominal_unitario_contra_baseline_1fd22ff) (arquivo='j6010_1.sm', cenario='centralizada', semente=2)
----------------------------------------------------------------------
Traceback (most recent call last):
  File "/Users/isadoracarvalho/TCC2_discriminante/research/test_compatibilidade.py", line 46, in test_nominal_unitario_contra_baseline_1fd22ff
    self.assertEqual([k for k in antigo if bits(antigo[k])!=bits(novo[k])],[])
AssertionError: Lists differ: ['violacoes'] != []

First list contains 1 additional elements.
First extra element 0:
'violacoes'

- ['violacoes']
+ []

======================================================================
FAIL: test_nominal_unitario_contra_baseline_1fd22ff (test_compatibilidade.Compatibilidade.test_nominal_unitario_contra_baseline_1fd22ff) (arquivo='j6010_1.sm', cenario='centralizada', semente=3)
----------------------------------------------------------------------
Traceback (most recent call last):
  File "/Users/isadoracarvalho/TCC2_discriminante/research/test_compatibilidade.py", line 46, in test_nominal_unitario_contra_baseline_1fd22ff
    self.assertEqual([k for k in antigo if bits(antigo[k])!=bits(novo[k])],[])
AssertionError: Lists differ: ['violacoes'] != []

First list contains 1 additional elements.
First extra element 0:
'violacoes'

- ['violacoes']
+ []

======================================================================
FAIL: test_nominal_unitario_contra_baseline_1fd22ff (test_compatibilidade.Compatibilidade.test_nominal_unitario_contra_baseline_1fd22ff) (arquivo='j6010_1.sm', cenario='adaptativa', semente=0)
----------------------------------------------------------------------
Traceback (most recent call last):
  File "/Users/isadoracarvalho/TCC2_discriminante/research/test_compatibilidade.py", line 46, in test_nominal_unitario_contra_baseline_1fd22ff
    self.assertEqual([k for k in antigo if bits(antigo[k])!=bits(novo[k])],[])
AssertionError: Lists differ: ['violacoes'] != []

First list contains 1 additional elements.
First extra element 0:
'violacoes'

- ['violacoes']
+ []

======================================================================
FAIL: test_nominal_unitario_contra_baseline_1fd22ff (test_compatibilidade.Compatibilidade.test_nominal_unitario_contra_baseline_1fd22ff) (arquivo='j6010_1.sm', cenario='adaptativa', semente=1)
----------------------------------------------------------------------
Traceback (most recent call last):
  File "/Users/isadoracarvalho/TCC2_discriminante/research/test_compatibilidade.py", line 46, in test_nominal_unitario_contra_baseline_1fd22ff
    self.assertEqual([k for k in antigo if bits(antigo[k])!=bits(novo[k])],[])
AssertionError: Lists differ: ['violacoes'] != []

First list contains 1 additional elements.
First extra element 0:
'violacoes'

- ['violacoes']
+ []

======================================================================
FAIL: test_nominal_unitario_contra_baseline_1fd22ff (test_compatibilidade.Compatibilidade.test_nominal_unitario_contra_baseline_1fd22ff) (arquivo='j6010_1.sm', cenario='adaptativa', semente=2)
----------------------------------------------------------------------
Traceback (most recent call last):
  File "/Users/isadoracarvalho/TCC2_discriminante/research/test_compatibilidade.py", line 46, in test_nominal_unitario_contra_baseline_1fd22ff
    self.assertEqual([k for k in antigo if bits(antigo[k])!=bits(novo[k])],[])
AssertionError: Lists differ: ['violacoes'] != []

First list contains 1 additional elements.
First extra element 0:
'violacoes'

- ['violacoes']
+ []

======================================================================
FAIL: test_nominal_unitario_contra_baseline_1fd22ff (test_compatibilidade.Compatibilidade.test_nominal_unitario_contra_baseline_1fd22ff) (arquivo='j6010_1.sm', cenario='adaptativa', semente=3)
----------------------------------------------------------------------
Traceback (most recent call last):
  File "/Users/isadoracarvalho/TCC2_discriminante/research/test_compatibilidade.py", line 46, in test_nominal_unitario_contra_baseline_1fd22ff
    self.assertEqual([k for k in antigo if bits(antigo[k])!=bits(novo[k])],[])
AssertionError: Lists differ: ['violacoes'] != []

First list contains 1 additional elements.
First extra element 0:
'violacoes'

- ['violacoes']
+ []

======================================================================
FAIL: test_nominal_unitario_contra_baseline_1fd22ff (test_compatibilidade.Compatibilidade.test_nominal_unitario_contra_baseline_1fd22ff) (arquivo='j6021_1.sm', cenario='centralizada', semente=0)
----------------------------------------------------------------------
Traceback (most recent call last):
  File "/Users/isadoracarvalho/TCC2_discriminante/research/test_compatibilidade.py", line 46, in test_nominal_unitario_contra_baseline_1fd22ff
    self.assertEqual([k for k in antigo if bits(antigo[k])!=bits(novo[k])],[])
AssertionError: Lists differ: ['violacoes'] != []

First list contains 1 additional elements.
First extra element 0:
'violacoes'

- ['violacoes']
+ []

======================================================================
FAIL: test_nominal_unitario_contra_baseline_1fd22ff (test_compatibilidade.Compatibilidade.test_nominal_unitario_contra_baseline_1fd22ff) (arquivo='j6021_1.sm', cenario='centralizada', semente=1)
----------------------------------------------------------------------
Traceback (most recent call last):
  File "/Users/isadoracarvalho/TCC2_discriminante/research/test_compatibilidade.py", line 46, in test_nominal_unitario_contra_baseline_1fd22ff
    self.assertEqual([k for k in antigo if bits(antigo[k])!=bits(novo[k])],[])
AssertionError: Lists differ: ['violacoes'] != []

First list contains 1 additional elements.
First extra element 0:
'violacoes'

- ['violacoes']
+ []

======================================================================
FAIL: test_nominal_unitario_contra_baseline_1fd22ff (test_compatibilidade.Compatibilidade.test_nominal_unitario_contra_baseline_1fd22ff) (arquivo='j6021_1.sm', cenario='centralizada', semente=2)
----------------------------------------------------------------------
Traceback (most recent call last):
  File "/Users/isadoracarvalho/TCC2_discriminante/research/test_compatibilidade.py", line 46, in test_nominal_unitario_contra_baseline_1fd22ff
    self.assertEqual([k for k in antigo if bits(antigo[k])!=bits(novo[k])],[])
AssertionError: Lists differ: ['violacoes'] != []

First list contains 1 additional elements.
First extra element 0:
'violacoes'

- ['violacoes']
+ []

======================================================================
FAIL: test_nominal_unitario_contra_baseline_1fd22ff (test_compatibilidade.Compatibilidade.test_nominal_unitario_contra_baseline_1fd22ff) (arquivo='j6021_1.sm', cenario='centralizada', semente=3)
----------------------------------------------------------------------
Traceback (most recent call last):
  File "/Users/isadoracarvalho/TCC2_discriminante/research/test_compatibilidade.py", line 46, in test_nominal_unitario_contra_baseline_1fd22ff
    self.assertEqual([k for k in antigo if bits(antigo[k])!=bits(novo[k])],[])
AssertionError: Lists differ: ['violacoes'] != []

First list contains 1 additional elements.
First extra element 0:
'violacoes'

- ['violacoes']
+ []

======================================================================
FAIL: test_nominal_unitario_contra_baseline_1fd22ff (test_compatibilidade.Compatibilidade.test_nominal_unitario_contra_baseline_1fd22ff) (arquivo='j6021_1.sm', cenario='adaptativa', semente=0)
----------------------------------------------------------------------
Traceback (most recent call last):
  File "/Users/isadoracarvalho/TCC2_discriminante/research/test_compatibilidade.py", line 46, in test_nominal_unitario_contra_baseline_1fd22ff
    self.assertEqual([k for k in antigo if bits(antigo[k])!=bits(novo[k])],[])
AssertionError: Lists differ: ['violacoes'] != []

First list contains 1 additional elements.
First extra element 0:
'violacoes'

- ['violacoes']
+ []

======================================================================
FAIL: test_nominal_unitario_contra_baseline_1fd22ff (test_compatibilidade.Compatibilidade.test_nominal_unitario_contra_baseline_1fd22ff) (arquivo='j6021_1.sm', cenario='adaptativa', semente=1)
----------------------------------------------------------------------
Traceback (most recent call last):
  File "/Users/isadoracarvalho/TCC2_discriminante/research/test_compatibilidade.py", line 46, in test_nominal_unitario_contra_baseline_1fd22ff
    self.assertEqual([k for k in antigo if bits(antigo[k])!=bits(novo[k])],[])
AssertionError: Lists differ: ['violacoes'] != []

First list contains 1 additional elements.
First extra element 0:
'violacoes'

- ['violacoes']
+ []

======================================================================
FAIL: test_nominal_unitario_contra_baseline_1fd22ff (test_compatibilidade.Compatibilidade.test_nominal_unitario_contra_baseline_1fd22ff) (arquivo='j6021_1.sm', cenario='adaptativa', semente=2)
----------------------------------------------------------------------
Traceback (most recent call last):
  File "/Users/isadoracarvalho/TCC2_discriminante/research/test_compatibilidade.py", line 46, in test_nominal_unitario_contra_baseline_1fd22ff
    self.assertEqual([k for k in antigo if bits(antigo[k])!=bits(novo[k])],[])
AssertionError: Lists differ: ['violacoes'] != []

First list contains 1 additional elements.
First extra element 0:
'violacoes'

- ['violacoes']
+ []

======================================================================
FAIL: test_nominal_unitario_contra_baseline_1fd22ff (test_compatibilidade.Compatibilidade.test_nominal_unitario_contra_baseline_1fd22ff) (arquivo='j6021_1.sm', cenario='adaptativa', semente=3)
----------------------------------------------------------------------
Traceback (most recent call last):
  File "/Users/isadoracarvalho/TCC2_discriminante/research/test_compatibilidade.py", line 46, in test_nominal_unitario_contra_baseline_1fd22ff
    self.assertEqual([k for k in antigo if bits(antigo[k])!=bits(novo[k])],[])
AssertionError: Lists differ: ['violacoes'] != []

First list contains 1 additional elements.
First extra element 0:
'violacoes'

- ['violacoes']
+ []

======================================================================
FAIL: test_nominal_unitario_contra_baseline_1fd22ff (test_compatibilidade.Compatibilidade.test_nominal_unitario_contra_baseline_1fd22ff) (arquivo='j6032_1.sm', cenario='centralizada', semente=0)
----------------------------------------------------------------------
Traceback (most recent call last):
  File "/Users/isadoracarvalho/TCC2_discriminante/research/test_compatibilidade.py", line 46, in test_nominal_unitario_contra_baseline_1fd22ff
    self.assertEqual([k for k in antigo if bits(antigo[k])!=bits(novo[k])],[])
AssertionError: Lists differ: ['violacoes'] != []

First list contains 1 additional elements.
First extra element 0:
'violacoes'

- ['violacoes']
+ []

======================================================================
FAIL: test_nominal_unitario_contra_baseline_1fd22ff (test_compatibilidade.Compatibilidade.test_nominal_unitario_contra_baseline_1fd22ff) (arquivo='j6032_1.sm', cenario='centralizada', semente=1)
----------------------------------------------------------------------
Traceback (most recent call last):
  File "/Users/isadoracarvalho/TCC2_discriminante/research/test_compatibilidade.py", line 46, in test_nominal_unitario_contra_baseline_1fd22ff
    self.assertEqual([k for k in antigo if bits(antigo[k])!=bits(novo[k])],[])
AssertionError: Lists differ: ['violacoes'] != []

First list contains 1 additional elements.
First extra element 0:
'violacoes'

- ['violacoes']
+ []

======================================================================
FAIL: test_nominal_unitario_contra_baseline_1fd22ff (test_compatibilidade.Compatibilidade.test_nominal_unitario_contra_baseline_1fd22ff) (arquivo='j6032_1.sm', cenario='centralizada', semente=2)
----------------------------------------------------------------------
Traceback (most recent call last):
  File "/Users/isadoracarvalho/TCC2_discriminante/research/test_compatibilidade.py", line 46, in test_nominal_unitario_contra_baseline_1fd22ff
    self.assertEqual([k for k in antigo if bits(antigo[k])!=bits(novo[k])],[])
AssertionError: Lists differ: ['violacoes'] != []

First list contains 1 additional elements.
First extra element 0:
'violacoes'

- ['violacoes']
+ []

======================================================================
FAIL: test_nominal_unitario_contra_baseline_1fd22ff (test_compatibilidade.Compatibilidade.test_nominal_unitario_contra_baseline_1fd22ff) (arquivo='j6032_1.sm', cenario='centralizada', semente=3)
----------------------------------------------------------------------
Traceback (most recent call last):
  File "/Users/isadoracarvalho/TCC2_discriminante/research/test_compatibilidade.py", line 46, in test_nominal_unitario_contra_baseline_1fd22ff
    self.assertEqual([k for k in antigo if bits(antigo[k])!=bits(novo[k])],[])
AssertionError: Lists differ: ['violacoes'] != []

First list contains 1 additional elements.
First extra element 0:
'violacoes'

- ['violacoes']
+ []

======================================================================
FAIL: test_nominal_unitario_contra_baseline_1fd22ff (test_compatibilidade.Compatibilidade.test_nominal_unitario_contra_baseline_1fd22ff) (arquivo='j6032_1.sm', cenario='adaptativa', semente=0)
----------------------------------------------------------------------
Traceback (most recent call last):
  File "/Users/isadoracarvalho/TCC2_discriminante/research/test_compatibilidade.py", line 46, in test_nominal_unitario_contra_baseline_1fd22ff
    self.assertEqual([k for k in antigo if bits(antigo[k])!=bits(novo[k])],[])
AssertionError: Lists differ: ['violacoes'] != []

First list contains 1 additional elements.
First extra element 0:
'violacoes'

- ['violacoes']
+ []

======================================================================
FAIL: test_nominal_unitario_contra_baseline_1fd22ff (test_compatibilidade.Compatibilidade.test_nominal_unitario_contra_baseline_1fd22ff) (arquivo='j6032_1.sm', cenario='adaptativa', semente=1)
----------------------------------------------------------------------
Traceback (most recent call last):
  File "/Users/isadoracarvalho/TCC2_discriminante/research/test_compatibilidade.py", line 46, in test_nominal_unitario_contra_baseline_1fd22ff
    self.assertEqual([k for k in antigo if bits(antigo[k])!=bits(novo[k])],[])
AssertionError: Lists differ: ['violacoes'] != []

First list contains 1 additional elements.
First extra element 0:
'violacoes'

- ['violacoes']
+ []

======================================================================
FAIL: test_nominal_unitario_contra_baseline_1fd22ff (test_compatibilidade.Compatibilidade.test_nominal_unitario_contra_baseline_1fd22ff) (arquivo='j6032_1.sm', cenario='adaptativa', semente=2)
----------------------------------------------------------------------
Traceback (most recent call last):
  File "/Users/isadoracarvalho/TCC2_discriminante/research/test_compatibilidade.py", line 46, in test_nominal_unitario_contra_baseline_1fd22ff
    self.assertEqual([k for k in antigo if bits(antigo[k])!=bits(novo[k])],[])
AssertionError: Lists differ: ['violacoes'] != []

First list contains 1 additional elements.
First extra element 0:
'violacoes'

- ['violacoes']
+ []

======================================================================
FAIL: test_nominal_unitario_contra_baseline_1fd22ff (test_compatibilidade.Compatibilidade.test_nominal_unitario_contra_baseline_1fd22ff) (arquivo='j6032_1.sm', cenario='adaptativa', semente=3)
----------------------------------------------------------------------
Traceback (most recent call last):
  File "/Users/isadoracarvalho/TCC2_discriminante/research/test_compatibilidade.py", line 46, in test_nominal_unitario_contra_baseline_1fd22ff
    self.assertEqual([k for k in antigo if bits(antigo[k])!=bits(novo[k])],[])
AssertionError: Lists differ: ['violacoes'] != []

First list contains 1 additional elements.
First extra element 0:
'violacoes'

- ['violacoes']
+ []

======================================================================
FAIL: test_nominal_unitario_contra_baseline_1fd22ff (test_compatibilidade.Compatibilidade.test_nominal_unitario_contra_baseline_1fd22ff) (arquivo='j6043_1.sm', cenario='centralizada', semente=0)
----------------------------------------------------------------------
Traceback (most recent call last):
  File "/Users/isadoracarvalho/TCC2_discriminante/research/test_compatibilidade.py", line 46, in test_nominal_unitario_contra_baseline_1fd22ff
    self.assertEqual([k for k in antigo if bits(antigo[k])!=bits(novo[k])],[])
AssertionError: Lists differ: ['violacoes'] != []

First list contains 1 additional elements.
First extra element 0:
'violacoes'

- ['violacoes']
+ []

======================================================================
FAIL: test_nominal_unitario_contra_baseline_1fd22ff (test_compatibilidade.Compatibilidade.test_nominal_unitario_contra_baseline_1fd22ff) (arquivo='j6043_1.sm', cenario='centralizada', semente=1)
----------------------------------------------------------------------
Traceback (most recent call last):
  File "/Users/isadoracarvalho/TCC2_discriminante/research/test_compatibilidade.py", line 46, in test_nominal_unitario_contra_baseline_1fd22ff
    self.assertEqual([k for k in antigo if bits(antigo[k])!=bits(novo[k])],[])
AssertionError: Lists differ: ['violacoes'] != []

First list contains 1 additional elements.
First extra element 0:
'violacoes'

- ['violacoes']
+ []

======================================================================
FAIL: test_nominal_unitario_contra_baseline_1fd22ff (test_compatibilidade.Compatibilidade.test_nominal_unitario_contra_baseline_1fd22ff) (arquivo='j6043_1.sm', cenario='centralizada', semente=2)
----------------------------------------------------------------------
Traceback (most recent call last):
  File "/Users/isadoracarvalho/TCC2_discriminante/research/test_compatibilidade.py", line 46, in test_nominal_unitario_contra_baseline_1fd22ff
    self.assertEqual([k for k in antigo if bits(antigo[k])!=bits(novo[k])],[])
AssertionError: Lists differ: ['violacoes'] != []

First list contains 1 additional elements.
First extra element 0:
'violacoes'

- ['violacoes']
+ []

======================================================================
FAIL: test_nominal_unitario_contra_baseline_1fd22ff (test_compatibilidade.Compatibilidade.test_nominal_unitario_contra_baseline_1fd22ff) (arquivo='j6043_1.sm', cenario='centralizada', semente=3)
----------------------------------------------------------------------
Traceback (most recent call last):
  File "/Users/isadoracarvalho/TCC2_discriminante/research/test_compatibilidade.py", line 46, in test_nominal_unitario_contra_baseline_1fd22ff
    self.assertEqual([k for k in antigo if bits(antigo[k])!=bits(novo[k])],[])
AssertionError: Lists differ: ['violacoes'] != []

First list contains 1 additional elements.
First extra element 0:
'violacoes'

- ['violacoes']
+ []

======================================================================
FAIL: test_nominal_unitario_contra_baseline_1fd22ff (test_compatibilidade.Compatibilidade.test_nominal_unitario_contra_baseline_1fd22ff) (arquivo='j6043_1.sm', cenario='adaptativa', semente=0)
----------------------------------------------------------------------
Traceback (most recent call last):
  File "/Users/isadoracarvalho/TCC2_discriminante/research/test_compatibilidade.py", line 46, in test_nominal_unitario_contra_baseline_1fd22ff
    self.assertEqual([k for k in antigo if bits(antigo[k])!=bits(novo[k])],[])
AssertionError: Lists differ: ['violacoes'] != []

First list contains 1 additional elements.
First extra element 0:
'violacoes'

- ['violacoes']
+ []

======================================================================
FAIL: test_nominal_unitario_contra_baseline_1fd22ff (test_compatibilidade.Compatibilidade.test_nominal_unitario_contra_baseline_1fd22ff) (arquivo='j6043_1.sm', cenario='adaptativa', semente=1)
----------------------------------------------------------------------
Traceback (most recent call last):
  File "/Users/isadoracarvalho/TCC2_discriminante/research/test_compatibilidade.py", line 46, in test_nominal_unitario_contra_baseline_1fd22ff
    self.assertEqual([k for k in antigo if bits(antigo[k])!=bits(novo[k])],[])
AssertionError: Lists differ: ['violacoes'] != []

First list contains 1 additional elements.
First extra element 0:
'violacoes'

- ['violacoes']
+ []

======================================================================
FAIL: test_nominal_unitario_contra_baseline_1fd22ff (test_compatibilidade.Compatibilidade.test_nominal_unitario_contra_baseline_1fd22ff) (arquivo='j6043_1.sm', cenario='adaptativa', semente=2)
----------------------------------------------------------------------
Traceback (most recent call last):
  File "/Users/isadoracarvalho/TCC2_discriminante/research/test_compatibilidade.py", line 46, in test_nominal_unitario_contra_baseline_1fd22ff
    self.assertEqual([k for k in antigo if bits(antigo[k])!=bits(novo[k])],[])
AssertionError: Lists differ: ['violacoes'] != []

First list contains 1 additional elements.
First extra element 0:
'violacoes'

- ['violacoes']
+ []

======================================================================
FAIL: test_nominal_unitario_contra_baseline_1fd22ff (test_compatibilidade.Compatibilidade.test_nominal_unitario_contra_baseline_1fd22ff) (arquivo='j6043_1.sm', cenario='adaptativa', semente=3)
----------------------------------------------------------------------
Traceback (most recent call last):
  File "/Users/isadoracarvalho/TCC2_discriminante/research/test_compatibilidade.py", line 46, in test_nominal_unitario_contra_baseline_1fd22ff
    self.assertEqual([k for k in antigo if bits(antigo[k])!=bits(novo[k])],[])
AssertionError: Lists differ: ['violacoes'] != []

First list contains 1 additional elements.
First extra element 0:
'violacoes'

- ['violacoes']
+ []

======================================================================
FAIL: test_15_3_contra_dfc0d78_tres_caminhos (test_escalares_crowder.IdentidadeAnterior.test_15_3_contra_dfc0d78_tres_caminhos) (arq='j6010_1.sm', cen='centralizada', seed=0, path='legado')
----------------------------------------------------------------------
Traceback (most recent call last):
  File "/Users/isadoracarvalho/TCC2_discriminante/research/test_escalares_crowder.py", line 52, in test_15_3_contra_dfc0d78_tres_caminhos
    self.assertEqual(bits(asdict(a.executar())),bits(asdict(b.executar())))
AssertionError: {'con[33179 chars]'violacoes': ['k_heuristico deve exceder k_analitico (TCC I)']} != {'con[33179 chars]'violacoes': []}
Diff is 84659 characters long. Set self.maxDiff to None to see it.

======================================================================
FAIL: test_15_3_contra_dfc0d78_tres_caminhos (test_escalares_crowder.IdentidadeAnterior.test_15_3_contra_dfc0d78_tres_caminhos) (arq='j6010_1.sm', cen='centralizada', seed=0, path='mvp_nominal')
----------------------------------------------------------------------
Traceback (most recent call last):
  File "/Users/isadoracarvalho/TCC2_discriminante/research/test_escalares_crowder.py", line 52, in test_15_3_contra_dfc0d78_tres_caminhos
    self.assertEqual(bits(asdict(a.executar())),bits(asdict(b.executar())))
AssertionError: {'con[48193 chars]'violacoes': ['k_heuristico deve exceder k_analitico (TCC I)']} != {'con[48193 chars]'violacoes': []}
Diff is 127654 characters long. Set self.maxDiff to None to see it.

======================================================================
FAIL: test_15_3_contra_dfc0d78_tres_caminhos (test_escalares_crowder.IdentidadeAnterior.test_15_3_contra_dfc0d78_tres_caminhos) (arq='j6010_1.sm', cen='centralizada', seed=0, path='mvp_comunicacao_legada')
----------------------------------------------------------------------
Traceback (most recent call last):
  File "/Users/isadoracarvalho/TCC2_discriminante/research/test_escalares_crowder.py", line 52, in test_15_3_contra_dfc0d78_tres_caminhos
    self.assertEqual(bits(asdict(a.executar())),bits(asdict(b.executar())))
AssertionError: {'con[48191 chars]'violacoes': ['k_heuristico deve exceder k_analitico (TCC I)']} != {'con[48191 chars]'violacoes': []}
Diff is 127652 characters long. Set self.maxDiff to None to see it.

======================================================================
FAIL: test_15_3_contra_dfc0d78_tres_caminhos (test_escalares_crowder.IdentidadeAnterior.test_15_3_contra_dfc0d78_tres_caminhos) (arq='j6010_1.sm', cen='centralizada', seed=1, path='legado')
----------------------------------------------------------------------
Traceback (most recent call last):
  File "/Users/isadoracarvalho/TCC2_discriminante/research/test_escalares_crowder.py", line 52, in test_15_3_contra_dfc0d78_tres_caminhos
    self.assertEqual(bits(asdict(a.executar())),bits(asdict(b.executar())))
AssertionError: {'con[35976 chars]'violacoes': ['k_heuristico deve exceder k_analitico (TCC I)']} != {'con[35976 chars]'violacoes': []}
Diff is 90788 characters long. Set self.maxDiff to None to see it.

======================================================================
FAIL: test_15_3_contra_dfc0d78_tres_caminhos (test_escalares_crowder.IdentidadeAnterior.test_15_3_contra_dfc0d78_tres_caminhos) (arq='j6010_1.sm', cen='centralizada', seed=1, path='mvp_nominal')
----------------------------------------------------------------------
Traceback (most recent call last):
  File "/Users/isadoracarvalho/TCC2_discriminante/research/test_escalares_crowder.py", line 52, in test_15_3_contra_dfc0d78_tres_caminhos
    self.assertEqual(bits(asdict(a.executar())),bits(asdict(b.executar())))
AssertionError: {'con[46158 chars]'violacoes': ['k_heuristico deve exceder k_analitico (TCC I)']} != {'con[46158 chars]'violacoes': []}
Diff is 119923 characters long. Set self.maxDiff to None to see it.

======================================================================
FAIL: test_15_3_contra_dfc0d78_tres_caminhos (test_escalares_crowder.IdentidadeAnterior.test_15_3_contra_dfc0d78_tres_caminhos) (arq='j6010_1.sm', cen='centralizada', seed=1, path='mvp_comunicacao_legada')
----------------------------------------------------------------------
Traceback (most recent call last):
  File "/Users/isadoracarvalho/TCC2_discriminante/research/test_escalares_crowder.py", line 52, in test_15_3_contra_dfc0d78_tres_caminhos
    self.assertEqual(bits(asdict(a.executar())),bits(asdict(b.executar())))
AssertionError: {'con[46159 chars]'violacoes': ['k_heuristico deve exceder k_analitico (TCC I)']} != {'con[46159 chars]'violacoes': []}
Diff is 119924 characters long. Set self.maxDiff to None to see it.

======================================================================
FAIL: test_15_3_contra_dfc0d78_tres_caminhos (test_escalares_crowder.IdentidadeAnterior.test_15_3_contra_dfc0d78_tres_caminhos) (arq='j6010_1.sm', cen='adaptativa', seed=0, path='legado')
----------------------------------------------------------------------
Traceback (most recent call last):
  File "/Users/isadoracarvalho/TCC2_discriminante/research/test_escalares_crowder.py", line 52, in test_15_3_contra_dfc0d78_tres_caminhos
    self.assertEqual(bits(asdict(a.executar())),bits(asdict(b.executar())))
AssertionError: {'con[21076 chars]'violacoes': ['k_heuristico deve exceder k_analitico (TCC I)']} != {'con[21076 chars]'violacoes': []}
Diff is 54944 characters long. Set self.maxDiff to None to see it.

======================================================================
FAIL: test_15_3_contra_dfc0d78_tres_caminhos (test_escalares_crowder.IdentidadeAnterior.test_15_3_contra_dfc0d78_tres_caminhos) (arq='j6010_1.sm', cen='adaptativa', seed=0, path='mvp_nominal')
----------------------------------------------------------------------
Traceback (most recent call last):
  File "/Users/isadoracarvalho/TCC2_discriminante/research/test_escalares_crowder.py", line 52, in test_15_3_contra_dfc0d78_tres_caminhos
    self.assertEqual(bits(asdict(a.executar())),bits(asdict(b.executar())))
AssertionError: {'con[25982 chars]'violacoes': ['k_heuristico deve exceder k_analitico (TCC I)']} != {'con[25982 chars]'violacoes': []}
Diff is 70911 characters long. Set self.maxDiff to None to see it.

======================================================================
FAIL: test_15_3_contra_dfc0d78_tres_caminhos (test_escalares_crowder.IdentidadeAnterior.test_15_3_contra_dfc0d78_tres_caminhos) (arq='j6010_1.sm', cen='adaptativa', seed=0, path='mvp_comunicacao_legada')
----------------------------------------------------------------------
Traceback (most recent call last):
  File "/Users/isadoracarvalho/TCC2_discriminante/research/test_escalares_crowder.py", line 52, in test_15_3_contra_dfc0d78_tres_caminhos
    self.assertEqual(bits(asdict(a.executar())),bits(asdict(b.executar())))
AssertionError: {'con[24755 chars]'violacoes': ['k_heuristico deve exceder k_analitico (TCC I)']} != {'con[24755 chars]'violacoes': []}
Diff is 66480 characters long. Set self.maxDiff to None to see it.

======================================================================
FAIL: test_15_3_contra_dfc0d78_tres_caminhos (test_escalares_crowder.IdentidadeAnterior.test_15_3_contra_dfc0d78_tres_caminhos) (arq='j6010_1.sm', cen='adaptativa', seed=1, path='legado')
----------------------------------------------------------------------
Traceback (most recent call last):
  File "/Users/isadoracarvalho/TCC2_discriminante/research/test_escalares_crowder.py", line 52, in test_15_3_contra_dfc0d78_tres_caminhos
    self.assertEqual(bits(asdict(a.executar())),bits(asdict(b.executar())))
AssertionError: {'con[21733 chars]'violacoes': ['k_heuristico deve exceder k_analitico (TCC I)']} != {'con[21733 chars]'violacoes': []}
Diff is 55839 characters long. Set self.maxDiff to None to see it.

======================================================================
FAIL: test_15_3_contra_dfc0d78_tres_caminhos (test_escalares_crowder.IdentidadeAnterior.test_15_3_contra_dfc0d78_tres_caminhos) (arq='j6010_1.sm', cen='adaptativa', seed=1, path='mvp_nominal')
----------------------------------------------------------------------
Traceback (most recent call last):
  File "/Users/isadoracarvalho/TCC2_discriminante/research/test_escalares_crowder.py", line 52, in test_15_3_contra_dfc0d78_tres_caminhos
    self.assertEqual(bits(asdict(a.executar())),bits(asdict(b.executar())))
AssertionError: {'con[24679 chars]'violacoes': ['k_heuristico deve exceder k_analitico (TCC I)']} != {'con[24679 chars]'violacoes': []}
Diff is 66048 characters long. Set self.maxDiff to None to see it.

======================================================================
FAIL: test_15_3_contra_dfc0d78_tres_caminhos (test_escalares_crowder.IdentidadeAnterior.test_15_3_contra_dfc0d78_tres_caminhos) (arq='j6010_1.sm', cen='adaptativa', seed=1, path='mvp_comunicacao_legada')
----------------------------------------------------------------------
Traceback (most recent call last):
  File "/Users/isadoracarvalho/TCC2_discriminante/research/test_escalares_crowder.py", line 52, in test_15_3_contra_dfc0d78_tres_caminhos
    self.assertEqual(bits(asdict(a.executar())),bits(asdict(b.executar())))
AssertionError: {'con[26818 chars]'violacoes': ['k_heuristico deve exceder k_analitico (TCC I)']} != {'con[26818 chars]'violacoes': []}
Diff is 71035 characters long. Set self.maxDiff to None to see it.

======================================================================
FAIL: test_15_3_contra_dfc0d78_tres_caminhos (test_escalares_crowder.IdentidadeAnterior.test_15_3_contra_dfc0d78_tres_caminhos) (arq='j6021_1.sm', cen='centralizada', seed=0, path='legado')
----------------------------------------------------------------------
Traceback (most recent call last):
  File "/Users/isadoracarvalho/TCC2_discriminante/research/test_escalares_crowder.py", line 52, in test_15_3_contra_dfc0d78_tres_caminhos
    self.assertEqual(bits(asdict(a.executar())),bits(asdict(b.executar())))
AssertionError: {'con[40416 chars]'violacoes': ['k_heuristico deve exceder k_analitico (TCC I)']} != {'con[40416 chars]'violacoes': []}
Diff is 102844 characters long. Set self.maxDiff to None to see it.

======================================================================
FAIL: test_15_3_contra_dfc0d78_tres_caminhos (test_escalares_crowder.IdentidadeAnterior.test_15_3_contra_dfc0d78_tres_caminhos) (arq='j6021_1.sm', cen='centralizada', seed=0, path='mvp_nominal')
----------------------------------------------------------------------
Traceback (most recent call last):
  File "/Users/isadoracarvalho/TCC2_discriminante/research/test_escalares_crowder.py", line 52, in test_15_3_contra_dfc0d78_tres_caminhos
    self.assertEqual(bits(asdict(a.executar())),bits(asdict(b.executar())))
AssertionError: {'con[64401 chars]'violacoes': ['k_heuristico deve exceder k_analitico (TCC I)']} != {'con[64401 chars]'violacoes': []}
Diff is 170562 characters long. Set self.maxDiff to None to see it.

======================================================================
FAIL: test_15_3_contra_dfc0d78_tres_caminhos (test_escalares_crowder.IdentidadeAnterior.test_15_3_contra_dfc0d78_tres_caminhos) (arq='j6021_1.sm', cen='centralizada', seed=0, path='mvp_comunicacao_legada')
----------------------------------------------------------------------
Traceback (most recent call last):
  File "/Users/isadoracarvalho/TCC2_discriminante/research/test_escalares_crowder.py", line 52, in test_15_3_contra_dfc0d78_tres_caminhos
    self.assertEqual(bits(asdict(a.executar())),bits(asdict(b.executar())))
AssertionError: {'con[64399 chars]'violacoes': ['k_heuristico deve exceder k_analitico (TCC I)']} != {'con[64399 chars]'violacoes': []}
Diff is 170560 characters long. Set self.maxDiff to None to see it.

======================================================================
FAIL: test_15_3_contra_dfc0d78_tres_caminhos (test_escalares_crowder.IdentidadeAnterior.test_15_3_contra_dfc0d78_tres_caminhos) (arq='j6021_1.sm', cen='centralizada', seed=1, path='legado')
----------------------------------------------------------------------
Traceback (most recent call last):
  File "/Users/isadoracarvalho/TCC2_discriminante/research/test_escalares_crowder.py", line 52, in test_15_3_contra_dfc0d78_tres_caminhos
    self.assertEqual(bits(asdict(a.executar())),bits(asdict(b.executar())))
AssertionError: {'con[57594 chars]'violacoes': ['k_heuristico deve exceder k_analitico (TCC I)']} != {'con[57594 chars]'violacoes': []}
Diff is 145964 characters long. Set self.maxDiff to None to see it.

======================================================================
FAIL: test_15_3_contra_dfc0d78_tres_caminhos (test_escalares_crowder.IdentidadeAnterior.test_15_3_contra_dfc0d78_tres_caminhos) (arq='j6021_1.sm', cen='centralizada', seed=1, path='mvp_nominal')
----------------------------------------------------------------------
Traceback (most recent call last):
  File "/Users/isadoracarvalho/TCC2_discriminante/research/test_escalares_crowder.py", line 52, in test_15_3_contra_dfc0d78_tres_caminhos
    self.assertEqual(bits(asdict(a.executar())),bits(asdict(b.executar())))
AssertionError: {'con[100049 chars]'violacoes': ['k_heuristico deve exceder k_analitico (TCC I)']} != {'con[100049 chars]'violacoes': []}
Diff is 263526 characters long. Set self.maxDiff to None to see it.

======================================================================
FAIL: test_15_3_contra_dfc0d78_tres_caminhos (test_escalares_crowder.IdentidadeAnterior.test_15_3_contra_dfc0d78_tres_caminhos) (arq='j6021_1.sm', cen='centralizada', seed=1, path='mvp_comunicacao_legada')
----------------------------------------------------------------------
Traceback (most recent call last):
  File "/Users/isadoracarvalho/TCC2_discriminante/research/test_escalares_crowder.py", line 52, in test_15_3_contra_dfc0d78_tres_caminhos
    self.assertEqual(bits(asdict(a.executar())),bits(asdict(b.executar())))
AssertionError: {'con[100048 chars]'violacoes': ['k_heuristico deve exceder k_analitico (TCC I)']} != {'con[100048 chars]'violacoes': []}
Diff is 263525 characters long. Set self.maxDiff to None to see it.

======================================================================
FAIL: test_15_3_contra_dfc0d78_tres_caminhos (test_escalares_crowder.IdentidadeAnterior.test_15_3_contra_dfc0d78_tres_caminhos) (arq='j6021_1.sm', cen='adaptativa', seed=0, path='legado')
----------------------------------------------------------------------
Traceback (most recent call last):
  File "/Users/isadoracarvalho/TCC2_discriminante/research/test_escalares_crowder.py", line 52, in test_15_3_contra_dfc0d78_tres_caminhos
    self.assertEqual(bits(asdict(a.executar())),bits(asdict(b.executar())))
AssertionError: {'con[27885 chars]'violacoes': ['k_heuristico deve exceder k_analitico (TCC I)']} != {'con[27885 chars]'violacoes': []}
Diff is 73177 characters long. Set self.maxDiff to None to see it.

======================================================================
FAIL: test_15_3_contra_dfc0d78_tres_caminhos (test_escalares_crowder.IdentidadeAnterior.test_15_3_contra_dfc0d78_tres_caminhos) (arq='j6021_1.sm', cen='adaptativa', seed=0, path='mvp_nominal')
----------------------------------------------------------------------
Traceback (most recent call last):
  File "/Users/isadoracarvalho/TCC2_discriminante/research/test_escalares_crowder.py", line 52, in test_15_3_contra_dfc0d78_tres_caminhos
    self.assertEqual(bits(asdict(a.executar())),bits(asdict(b.executar())))
AssertionError: {'con[39212 chars]'violacoes': ['k_heuristico deve exceder k_analitico (TCC I)']} != {'con[39212 chars]'violacoes': []}
Diff is 106925 characters long. Set self.maxDiff to None to see it.

======================================================================
FAIL: test_15_3_contra_dfc0d78_tres_caminhos (test_escalares_crowder.IdentidadeAnterior.test_15_3_contra_dfc0d78_tres_caminhos) (arq='j6021_1.sm', cen='adaptativa', seed=0, path='mvp_comunicacao_legada')
----------------------------------------------------------------------
Traceback (most recent call last):
  File "/Users/isadoracarvalho/TCC2_discriminante/research/test_escalares_crowder.py", line 52, in test_15_3_contra_dfc0d78_tres_caminhos
    self.assertEqual(bits(asdict(a.executar())),bits(asdict(b.executar())))
AssertionError: {'con[36561 chars]'violacoes': ['k_heuristico deve exceder k_analitico (TCC I)']} != {'con[36561 chars]'violacoes': []}
Diff is 100358 characters long. Set self.maxDiff to None to see it.

======================================================================
FAIL: test_15_3_contra_dfc0d78_tres_caminhos (test_escalares_crowder.IdentidadeAnterior.test_15_3_contra_dfc0d78_tres_caminhos) (arq='j6021_1.sm', cen='adaptativa', seed=1, path='legado')
----------------------------------------------------------------------
Traceback (most recent call last):
  File "/Users/isadoracarvalho/TCC2_discriminante/research/test_escalares_crowder.py", line 52, in test_15_3_contra_dfc0d78_tres_caminhos
    self.assertEqual(bits(asdict(a.executar())),bits(asdict(b.executar())))
AssertionError: {'con[36986 chars]'violacoes': ['k_heuristico deve exceder k_analitico (TCC I)']} != {'con[36986 chars]'violacoes': []}
Diff is 97272 characters long. Set self.maxDiff to None to see it.

======================================================================
FAIL: test_15_3_contra_dfc0d78_tres_caminhos (test_escalares_crowder.IdentidadeAnterior.test_15_3_contra_dfc0d78_tres_caminhos) (arq='j6021_1.sm', cen='adaptativa', seed=1, path='mvp_nominal')
----------------------------------------------------------------------
Traceback (most recent call last):
  File "/Users/isadoracarvalho/TCC2_discriminante/research/test_escalares_crowder.py", line 52, in test_15_3_contra_dfc0d78_tres_caminhos
    self.assertEqual(bits(asdict(a.executar())),bits(asdict(b.executar())))
AssertionError: {'con[40911 chars]'violacoes': ['k_heuristico deve exceder k_analitico (TCC I)']} != {'con[40911 chars]'violacoes': []}
Diff is 109336 characters long. Set self.maxDiff to None to see it.

======================================================================
FAIL: test_15_3_contra_dfc0d78_tres_caminhos (test_escalares_crowder.IdentidadeAnterior.test_15_3_contra_dfc0d78_tres_caminhos) (arq='j6021_1.sm', cen='adaptativa', seed=1, path='mvp_comunicacao_legada')
----------------------------------------------------------------------
Traceback (most recent call last):
  File "/Users/isadoracarvalho/TCC2_discriminante/research/test_escalares_crowder.py", line 52, in test_15_3_contra_dfc0d78_tres_caminhos
    self.assertEqual(bits(asdict(a.executar())),bits(asdict(b.executar())))
AssertionError: {'con[42328 chars]'violacoes': ['k_heuristico deve exceder k_analitico (TCC I)']} != {'con[42328 chars]'violacoes': []}
Diff is 115737 characters long. Set self.maxDiff to None to see it.

======================================================================
FAIL: test_default_nao_cria_fluxo_auxiliar_e_reproduz_nominal (test_portoes_suaves.PortoesSuaves.test_default_nao_cria_fluxo_auxiliar_e_reproduz_nominal)
----------------------------------------------------------------------
Traceback (most recent call last):
  File "/Users/isadoracarvalho/TCC2_discriminante/research/test_portoes_suaves.py", line 33, in test_default_nao_cria_fluxo_auxiliar_e_reproduz_nominal
    self.assertEqual(float(linha[campo]).hex(),float(ref[campo]).hex(),campo)
AssertionError: '0x1.bc00000000000p+7' != '0x1.9a00000000000p+7'
- 0x1.bc00000000000p+7
?     ^^
+ 0x1.9a00000000000p+7
?     ^^
 : makespan

======================================================================
FAIL: test_nominal_v2_reproduz_arquivo (test_portoes_suaves.PortoesSuaves.test_nominal_v2_reproduz_arquivo)
----------------------------------------------------------------------
Traceback (most recent call last):
  File "/Users/isadoracarvalho/TCC2_discriminante/research/test_portoes_suaves.py", line 64, in test_nominal_v2_reproduz_arquivo
    self.assertEqual(float(linha[campo]).hex(),float(ref[campo]).hex(),campo)
AssertionError: '0x1.6c00000000000p+7' != '0x1.6e00000000000p+7'
- 0x1.6c00000000000p+7
?      ^
+ 0x1.6e00000000000p+7
?      ^
 : makespan

======================================================================
FAIL: test_par_real_inclui_cenario_sem_comunicacoes (test_runner_tl.RunnerTL.test_par_real_inclui_cenario_sem_comunicacoes)
----------------------------------------------------------------------
Traceback (most recent call last):
  File "/Users/isadoracarvalho/TCC2_discriminante/research/test_runner_tl.py", line 13, in test_par_real_inclui_cenario_sem_comunicacoes
    rows=m.job((arquivo,0,cen))
         ^^^^^^^^^^^^^^^^^^^^^^
  File "/Users/isadoracarvalho/TCC2_discriminante/src/modelo/25_teste_tempo_aprendizado.py", line 44, in job
    assert tl.hex()==b.TL.hex()
           ^^^^^^^^^^^^^^^^^^^^
AssertionError

----------------------------------------------------------------------
Ran 106 tests in 20.958s

FAILED (failures=60)
