==============================================================================
FAIXAS DE RISCO E CALIBRACAO DO F_base
Execucao: 2026-09-05T13:26:22
==============================================================================

Base: 17377 observacoes | taxa global de defeito: 17.4944%

==============================================================================
EIXO: CYCLOMATIC_COMPLEXITY
  cortes : [10, 15, 20]   (NASA SWE-220 (adaptado, 4 niveis nao sobrepostos))
==============================================================================

  nivel             n  defeit.  freq bruta           IC95 bruto  prob ajustada
  baixa         14986     2203      0.1470 [  0.1414;  0.1528]         0.1488
  media          1079      307      0.2845 [  0.2584;  0.3122]         0.2729
  alta            503      175      0.3479 [  0.3076;  0.3906]         0.3310
  muito alta      809      355      0.4388 [  0.4050;  0.4732]         0.3942

  Teste de tendencia (Cochran-Armitage): z = 25.5932, p = 1.816e-144
  Monotonicidade  frequencia bruta: True | probabilidade ajustada: True

==============================================================================
EIXO: LOC_TOTAL
  cortes : [10.0, 20.0, 41.0]   (quartis da propria base (decisao deste trabalho))
==============================================================================

  nivel             n  defeit.  freq bruta           IC95 bruto  prob ajustada
  baixa          4372      277      0.0634 [  0.0565;  0.0710]         0.0727
  media          4365      526      0.1205 [  0.1112;  0.1305]         0.1220
  alta           4373      786      0.1797 [  0.1686;  0.1914]         0.1742
  muito alta     4267     1451      0.3401 [  0.3260;  0.3544]         0.3083

  Teste de tendencia (Cochran-Armitage): z = 34.3311, p = 2.698e-258
  Monotonicidade  frequencia bruta: True | probabilidade ajustada: True

==============================================================================
SENSIBILIDADE AOS CORTES (eixo: complexidade ciclomatica)
==============================================================================
  esquema                          cortes                     baixa       media        alta  muito alta   monot.
  SWE-220 adaptado (referencia)    [10, 15, 20]              0.1470      0.2845      0.3479      0.4388   True
  mais permissivo                  [12, 18, 25]              0.1512      0.3317      0.3563      0.4586   True
  mais restritivo                  [8, 12, 16]               0.1425      0.2451      0.3189      0.4081   True
  usado no TCC1 (exploratorio)     [3, 7, 15]                0.1202      0.1777      0.2546      0.4040   True
  quartis da base                  [2.0, 3.0, 7.0]           0.1110      0.1450      0.1777      0.3082   True

==============================================================================
VALIDACAO LEAVE-ONE-PROJECT-OUT (eixo: complexidade ciclomatica)
==============================================================================
  projeto retirado    n restante       baixa       media        alta  muito alta   monot.
  CM1                      17050      0.1477      0.2879      0.3491      0.4426   True
  JM1                       9595      0.1190      0.2577      0.2956      0.3697   True
  KC1                      16194      0.1398      0.2684      0.3411      0.4387   True
  KC3                      17183      0.1471      0.2815      0.3474      0.4395   True
  MC1                      15389      0.1645      0.3087      0.3718      0.4555   True
  MC2                      17252      0.1462      0.2809      0.3460      0.4347   True
  MW1                      17124      0.1481      0.2844      0.3477      0.4401   True
  PC1                      16672      0.1501      0.2932      0.3577      0.4520   True
  PC2                      16632      0.1533      0.2892      0.3535      0.4420   True
  PC3                      16300      0.1496      0.2850      0.3664      0.4560   True
  PC4                      16090      0.1477      0.2892      0.3669      0.4563   True
  PC5                      15666      0.1402      0.2763      0.3077      0.3997   True

  Amplitude do F_base entre as 12 reamostragens:
    baixa        min=0.1190  max=0.1645  amplitude=0.0454
    media        min=0.2577  max=0.3087  amplitude=0.0510
    alta         min=0.2956  max=0.3718  amplitude=0.0762
    muito alta   min=0.3697  max=0.4563  amplitude=0.0866

  Ordenacao monotonica preservada em 12/12 reamostragens

==============================================================================
VERIFICACOES
==============================================================================
  [OK]    CYCLOMATIC_COMPLEXITY: todas as 17377 observacoes classificadas
  [OK]    LOC_TOTAL: todas as 17377 observacoes classificadas
  [OK]    CYCLOMATIC_COMPLEXITY: frequencia recomposta = taxa global (0.174944)
  [OK]    LOC_TOTAL: frequencia recomposta = taxa global (0.174944)

==============================================================================
RESULTADO: CONCLUIDO, VERIFICACOES OK
==============================================================================
