==============================================================================
B9 — ABLACAO DO EXPERIMENTO DE GOVERNANCA
Execucao: 2026-09-07T00:43:34
==============================================================================

Instancias : 16   Sementes: 12
Unidade inferencial: INSTANCIA (n = 16); menor p bilateral atingivel = 3.05e-05

Valores dos parametros organizacionais (lidos do YAML):
  parametro       centralizada   adaptativa
  tau_inicial             0.25          0.8
  tau_min                  0.6         0.25
  p_reporte               0.15         0.75
  p_deteccao              0.03         0.12

  2880 execucoes; nao concluiram: 0

==============================================================================
CONTAGEM POR PORTA (media por execucao, sobre instancia x semente)
==============================================================================

  braco                               P1 omis  P1 fuga  P2 ajuda  P2 bloq  P3 anal   hiato  >comp
  adaptativa                            19.17     0.00     10.49     5.94    40.83   16.43  14.54
  adaptativa__assistencia_universal     19.17     0.00     10.49     5.94    40.83   16.43  14.54
  adaptativa__sem_assistencia           35.11     0.00      0.00   145.20    24.89  145.20  14.54
  centralizada                          38.64     0.00      0.00   126.27    21.36  126.27  14.54
  centralizada__assistencia_universal    24.99     0.00      9.97     6.45    35.01   16.42  14.54
  centralizada__sem_assistencia         38.64     0.00      0.00   126.27    21.36  126.27  14.54
  pr_0.3000                             38.68     0.00      0.00   124.35    21.32  124.35  14.54
  pr_0.4500                             39.02     0.00      0.00   124.56    20.98  124.56  14.54
  pr_0.6000                             38.62     0.00      0.00   124.71    21.38  124.71  14.54
  sem_par_tau                           38.92     0.00      0.00   123.42    21.08  123.42  14.54
  so_p_deteccao                         38.63     0.00      0.00   126.21    21.37  126.21  14.54
  so_p_reporte                          38.68     0.00      0.00   122.99    21.32  122.99  14.54
  so_par_tau                            20.14     0.00     10.39     6.18    39.86   16.56  14.54
  so_tau_inicial                        20.14     0.00     10.39     6.18    39.86   16.56  14.54
  so_tau_min                            38.64     0.00      0.00   126.27    21.36  126.27  14.54

  '>comp' = tarefas cuja dificuldade excede a MAIOR competencia inicial
  disponivel na equipe. Depende so da instancia e da semente, portanto e
  identico entre bracos — e a medida do hiato estrutural.

  Decomposicao do hiato (por que a ajuda nao foi concedida):
  braco                                 hiato  sem colega  colega s/ conf    ajuda
  adaptativa                            16.43        5.94            0.00    10.49
  adaptativa__assistencia_universal     16.43        5.94            0.00    10.49
  adaptativa__sem_assistencia          145.20       49.94           95.26     0.00
  centralizada                         126.27       44.84           81.42     0.00
  centralizada__assistencia_universal    16.42        6.45            0.00     9.97
  centralizada__sem_assistencia        126.27       44.84           81.42     0.00
  pr_0.3000                            124.35       43.74           80.61     0.00
  pr_0.4500                            124.56       44.49           80.07     0.00
  pr_0.6000                            124.71       43.95           80.76     0.00
  sem_par_tau                          123.42       44.43           78.99     0.00
  so_p_deteccao                        126.21       46.08           80.14     0.00
  so_p_reporte                         122.99       43.36           79.63     0.00
  so_par_tau                            16.56        6.18            0.00    10.39
  so_tau_inicial                        16.56        6.18            0.00    10.39
  so_tau_min                           126.27       44.84           81.42     0.00

==============================================================================
BLOCO 1 — ABLACAO DE PARAMETRO (referencia: centralizada)
==============================================================================

  atraso_relativo   [menor e melhor]   centralizada = 3.1345   efeito total (adapt - centr) = -1.1354
    braco                   media    dif abs     dif %           p        d  % do efeito total
    centralizada           3.1345    +0.0000     +0.0%         nan      nan              -0.0%
    adaptativa             1.9991    -1.1354    -36.2%    3.05e-05    -5.55             100.0%
    so_tau_inicial         2.5378    -0.5968    -19.0%    3.05e-05    -2.86              52.6%
    so_tau_min             3.1345    +0.0000     +0.0%         nan      nan              -0.0%
    so_p_reporte           2.8183    -0.3162    -10.1%    3.05e-05    -1.93              27.8%
    so_p_deteccao          2.6980    -0.4365    -13.9%    3.05e-05    -2.90              38.4%
    so_par_tau             2.5378    -0.5968    -19.0%    3.05e-05    -2.86              52.6%
    sem_par_tau            2.6788    -0.4558    -14.5%    3.05e-05    -2.94              40.1%

  E_total   [maior e melhor]   centralizada = 0.7839   efeito total (adapt - centr) = +0.1046
    braco                   media    dif abs     dif %           p        d  % do efeito total
    centralizada           0.7839    +0.0000     +0.0%         nan      nan               0.0%
    adaptativa             0.8885    +0.1046    +13.3%    3.05e-05     3.75             100.0%
    so_tau_inicial         0.8868    +0.1029    +13.1%    3.05e-05     3.28              98.4%
    so_tau_min             0.7839    +0.0000     +0.0%         nan      nan               0.0%
    so_p_reporte           0.7884    +0.0045     +0.6%    3.35e-02     0.48               4.3%
    so_p_deteccao          0.7858    +0.0019     +0.2%    7.44e-01     0.15               1.8%
    so_par_tau             0.8868    +0.1029    +13.1%    3.05e-05     3.28              98.4%
    sem_par_tau            0.7879    +0.0040     +0.5%    7.39e-02     0.43               3.8%

  TL   [informativa]   centralizada = 0.0000   efeito total (adapt - centr) = +10.4896
    braco                   media    dif abs     dif %           p        d  % do efeito total
    centralizada           0.0000    +0.0000     +0.0%         nan      nan               0.0%
    adaptativa            10.4896   +10.4896     +nan%    4.37e-04     6.44             100.0%
    so_tau_inicial        10.3854   +10.3854     +nan%    4.36e-04     5.91              99.0%
    so_tau_min             0.0000    +0.0000     +0.0%         nan      nan               0.0%
    so_p_reporte           0.0000    +0.0000     +0.0%         nan      nan               0.0%
    so_p_deteccao          0.0000    +0.0000     +0.0%         nan      nan               0.0%
    so_par_tau            10.3854   +10.3854     +nan%    4.36e-04     5.91              99.0%
    sem_par_tau            0.0000    +0.0000     +0.0%         nan      nan               0.0%

  TU   [menor e melhor]   centralizada = 126.2656   efeito total (adapt - centr) = -120.3229
    braco                   media    dif abs     dif %           p        d  % do efeito total
    centralizada         126.2656    +0.0000     +0.0%         nan      nan              -0.0%
    adaptativa             5.9427  -120.3229    -95.3%    3.05e-05    -4.49             100.0%
    so_tau_inicial         6.1771  -120.0885    -95.1%    3.05e-05    -4.48              99.8%
    so_tau_min           126.2656    +0.0000     +0.0%         nan      nan              -0.0%
    so_p_reporte         122.9896    -3.2760     -2.6%    1.27e-01    -0.37               2.7%
    so_p_deteccao        126.2135    -0.0521     -0.0%    9.00e-01    -0.01               0.0%
    so_par_tau             6.1771  -120.0885    -95.1%    3.05e-05    -4.48              99.8%
    sem_par_tau          123.4219    -2.8437     -2.3%    2.77e-01    -0.29               2.4%

  TR   [menor e melhor]   centralizada = 68.8653   efeito total (adapt - centr) = -16.3564
    braco                   media    dif abs     dif %           p        d  % do efeito total
    centralizada          68.8653    +0.0000     +0.0%         nan      nan              -0.0%
    adaptativa            52.5089   -16.3564    -23.8%    3.05e-05    -3.14             100.0%
    so_tau_inicial        53.9397   -14.9256    -21.7%    3.05e-05    -2.34              91.3%
    so_tau_min            68.8653    +0.0000     +0.0%         nan      nan              -0.0%
    so_p_reporte          67.2077    -1.6576     -2.4%    2.31e-01    -0.34              10.1%
    so_p_deteccao         68.1987    -0.6666     -1.0%    4.64e-01    -0.09               4.1%
    so_par_tau            53.9397   -14.9256    -21.7%    3.05e-05    -2.34              91.3%
    sem_par_tau           67.9380    -0.9273     -1.3%    2.98e-01    -0.22               5.7%

  TW   [informativa]   centralizada = 696.7969   efeito total (adapt - centr) = -149.6042
    braco                   media    dif abs     dif %           p        d  % do efeito total
    centralizada         696.7969    +0.0000     +0.0%         nan      nan              -0.0%
    adaptativa           547.1927  -149.6042    -21.5%    3.05e-05    -6.50             100.0%
    so_tau_inicial       549.5365  -147.2604    -21.1%    3.05e-05    -6.78              98.4%
    so_tau_min           696.7969    +0.0000     +0.0%         nan      nan              -0.0%
    so_p_reporte         697.2135    +0.4167     +0.1%    7.17e-01     0.05              -0.3%
    so_p_deteccao        698.1719    +1.3750     +0.2%    5.62e-01     0.17              -0.9%
    so_par_tau           549.5365  -147.2604    -21.1%    3.05e-05    -6.78              98.4%
    sem_par_tau          697.6354    +0.8385     +0.1%    9.00e-01     0.08              -0.6%

  n_com_erro   [menor e melhor]   centralizada = 13.0208   efeito total (adapt - centr) = -9.1979
    braco                   media    dif abs     dif %           p        d  % do efeito total
    centralizada          13.0208    +0.0000     +0.0%         nan      nan              -0.0%
    adaptativa             3.8229    -9.1979    -70.6%    4.37e-04    -7.82             100.0%
    so_tau_inicial        12.0417    -0.9792     -7.5%    7.71e-03    -0.84              10.6%
    so_tau_min            13.0208    +0.0000     +0.0%         nan      nan              -0.0%
    so_p_reporte           3.7656    -9.2552    -71.1%    4.36e-04   -11.25             100.6%
    so_p_deteccao         12.9271    -0.0937     -0.7%    5.35e-01    -0.07               1.0%
    so_par_tau            12.0417    -0.9792     -7.5%    7.71e-03    -0.84              10.6%
    sem_par_tau            3.8698    -9.1510    -70.3%    4.33e-04    -9.72              99.5%

  taxa_omissao   [menor e melhor]   centralizada = 0.2170   efeito total (adapt - centr) = -0.1533
    braco                   media    dif abs     dif %           p        d  % do efeito total
    centralizada           0.2170    +0.0000     +0.0%         nan      nan              -0.0%
    adaptativa             0.0637    -0.1533    -70.6%    3.05e-05    -7.82             100.0%
    so_tau_inicial         0.2007    -0.0163     -7.5%    7.15e-03    -0.84              10.6%
    so_tau_min             0.2170    +0.0000     +0.0%         nan      nan              -0.0%
    so_p_reporte           0.0628    -0.1543    -71.1%    4.34e-04   -11.25             100.6%
    so_p_deteccao          0.2155    -0.0016     -0.7%    5.97e-01    -0.07               1.0%
    so_par_tau             0.2007    -0.0163     -7.5%    7.15e-03    -0.84              10.6%
    sem_par_tau            0.0645    -0.1525    -70.3%    4.36e-04    -9.72              99.5%

  retrabalho_sobre_plano   [menor e melhor]   centralizada = 0.2031   efeito total (adapt - centr) = -0.0486
    braco                   media    dif abs     dif %           p        d  % do efeito total
    centralizada           0.2031    +0.0000     +0.0%         nan      nan              -0.0%
    adaptativa             0.1545    -0.0486    -23.9%    3.05e-05    -3.07             100.0%
    so_tau_inicial         0.1586    -0.0445    -21.9%    3.05e-05    -2.26              91.5%
    so_tau_min             0.2031    +0.0000     +0.0%         nan      nan              -0.0%
    so_p_reporte           0.1979    -0.0052     -2.6%    2.11e-01    -0.36              10.7%
    so_p_deteccao          0.2006    -0.0025     -1.2%    4.95e-01    -0.12               5.1%
    so_par_tau             0.1586    -0.0445    -21.9%    3.05e-05    -2.26              91.5%
    sem_par_tau            0.1999    -0.0032     -1.6%    2.11e-01    -0.26               6.7%

  divida_latente_sobre_plano   [menor e melhor]   centralizada = 0.0741   efeito total (adapt - centr) = -0.0540
    braco                   media    dif abs     dif %           p        d  % do efeito total
    centralizada           0.0741    +0.0000     +0.0%         nan      nan              -0.0%
    adaptativa             0.0201    -0.0540    -72.8%    3.05e-05    -6.73             100.0%
    so_tau_inicial         0.0619    -0.0122    -16.5%    7.63e-04    -1.29              22.6%
    so_tau_min             0.0741    +0.0000     +0.0%         nan      nan              -0.0%
    so_p_reporte           0.0298    -0.0444    -59.8%    3.05e-05    -5.31              82.2%
    so_p_deteccao          0.0433    -0.0308    -41.5%    3.05e-05    -4.49              57.1%
    so_par_tau             0.0619    -0.0122    -16.5%    7.63e-04    -1.29              22.6%
    sem_par_tau            0.0235    -0.0506    -68.3%    3.05e-05    -6.12              93.8%

  S_UR_maximo   [menor e melhor]   centralizada = 25.1123   efeito total (adapt - centr) = -18.2888
    braco                   media    dif abs     dif %           p        d  % do efeito total
    centralizada          25.1123    +0.0000     +0.0%         nan      nan              -0.0%
    adaptativa             6.8235   -18.2888    -72.8%    3.05e-05    -6.49             100.0%
    so_tau_inicial        21.0256    -4.0866    -16.3%    7.63e-04    -1.31              22.3%
    so_tau_min            25.1123    +0.0000     +0.0%         nan      nan              -0.0%
    so_p_reporte          10.0952   -15.0171    -59.8%    3.05e-05    -5.44              82.1%
    so_p_deteccao         14.6447   -10.4676    -41.7%    3.05e-05    -4.11              57.2%
    so_par_tau            21.0256    -4.0866    -16.3%    7.63e-04    -1.31              22.3%
    sem_par_tau            7.9894   -17.1229    -68.2%    3.05e-05    -6.27              93.6%

==============================================================================
BLOCO 2 — ABLACAO DE MECANISMO: efeito centralizada x adaptativa
==============================================================================

  atraso_relativo   [menor e melhor]
    config                       centr.     adapt.    dif abs     dif %           p        d
    nominal                      3.1345     1.9991    -1.1354    -36.2%    3.05e-05    -5.55
    sem_assistencia              3.1345     2.3105    -0.8240    -26.3%    3.05e-05    -4.43
    assistencia_universal        2.8600     1.9991    -0.8608    -30.1%    3.05e-05    -4.15
      -> sob 'sem_assistencia': DIMINUI (resta 73%)
      -> sob 'assistencia_universal': DIMINUI (resta 76%)

  E_total   [maior e melhor]
    config                       centr.     adapt.    dif abs     dif %           p        d
    nominal                      0.7839     0.8885    +0.1046    +13.3%    3.05e-05     3.75
    sem_assistencia              0.7839     0.7362    -0.0477     -6.1%    3.05e-05    -2.99
    assistencia_universal        0.8980     0.8885    -0.0095     -1.1%    5.80e-04    -1.16
      -> sob 'sem_assistencia': INVERTE
      -> sob 'assistencia_universal': INVERTE

  TL   [informativa]
    config                       centr.     adapt.    dif abs     dif %           p        d
    nominal                      0.0000    10.4896   +10.4896     +nan%    4.37e-04     6.44
    sem_assistencia              0.0000     0.0000    +0.0000     +0.0%         nan      nan
    assistencia_universal        9.9740    10.4896    +0.5156     +5.2%    6.97e-03     0.80
      -> sob 'sem_assistencia': DESAPARECE (< 5% do nominal)
      -> sob 'assistencia_universal': DESAPARECE (< 5% do nominal)

  TU   [menor e melhor]
    config                       centr.     adapt.    dif abs     dif %           p        d
    nominal                    126.2656     5.9427  -120.3229    -95.3%    3.05e-05    -4.49
    sem_assistencia            126.2656   145.1979   +18.9323    +15.0%    9.16e-05     1.23
    assistencia_universal        6.4479     5.9427    -0.5052     -7.8%    2.14e-01    -0.32
      -> sob 'sem_assistencia': INVERTE
      -> sob 'assistencia_universal': DESAPARECE (< 5% do nominal)

  TR   [menor e melhor]
    config                       centr.     adapt.    dif abs     dif %           p        d
    nominal                     68.8653    52.5089   -16.3564    -23.8%    3.05e-05    -3.14
    sem_assistencia             68.8653    64.6052    -4.2601     -6.2%    5.16e-03    -0.85
    assistencia_universal       59.6355    52.5089    -7.1266    -12.0%    2.14e-04    -1.16
      -> sob 'sem_assistencia': DIMINUI (resta 26%)
      -> sob 'assistencia_universal': DIMINUI (resta 44%)

  TW   [informativa]
    config                       centr.     adapt.    dif abs     dif %           p        d
    nominal                    696.7969   547.1927  -149.6042    -21.5%    3.05e-05    -6.50
    sem_assistencia            696.7969   572.9896  -123.8073    -17.8%    3.05e-05    -6.20
    assistencia_universal      665.7292   547.1927  -118.5365    -17.8%    3.05e-05    -9.67
      -> sob 'sem_assistencia': DIMINUI (resta 83%)
      -> sob 'assistencia_universal': DIMINUI (resta 79%)

  n_com_erro   [menor e melhor]
    config                       centr.     adapt.    dif abs     dif %           p        d
    nominal                     13.0208     3.8229    -9.1979    -70.6%    4.37e-04    -7.82
    sem_assistencia             13.0208     4.0260    -8.9948    -69.1%    3.05e-05    -9.47
    assistencia_universal       12.4427     3.8229    -8.6198    -69.3%    4.36e-04    -6.43
      -> sob 'sem_assistencia': DIMINUI (resta 98%)
      -> sob 'assistencia_universal': DIMINUI (resta 94%)

  taxa_omissao   [menor e melhor]
    config                       centr.     adapt.    dif abs     dif %           p        d
    nominal                      0.2170     0.0637    -0.1533    -70.6%    3.05e-05    -7.82
    sem_assistencia              0.2170     0.0671    -0.1499    -69.1%    3.05e-05    -9.47
    assistencia_universal        0.2074     0.0637    -0.1437    -69.3%    3.05e-05    -6.43
      -> sob 'sem_assistencia': DIMINUI (resta 98%)
      -> sob 'assistencia_universal': DIMINUI (resta 94%)

  retrabalho_sobre_plano   [menor e melhor]
    config                       centr.     adapt.    dif abs     dif %           p        d
    nominal                      0.2031     0.1545    -0.0486    -23.9%    3.05e-05    -3.07
    sem_assistencia              0.2031     0.1901    -0.0130     -6.4%    5.16e-03    -0.88
    assistencia_universal        0.1756     0.1545    -0.0211    -12.0%    3.05e-04    -1.17
      -> sob 'sem_assistencia': DIMINUI (resta 27%)
      -> sob 'assistencia_universal': DIMINUI (resta 43%)

  divida_latente_sobre_plano   [menor e melhor]
    config                       centr.     adapt.    dif abs     dif %           p        d
    nominal                      0.0741     0.0201    -0.0540    -72.8%    3.05e-05    -6.73
    sem_assistencia              0.0741     0.0236    -0.0505    -68.2%    3.05e-05    -6.41
    assistencia_universal        0.0659     0.0201    -0.0458    -69.4%    3.05e-05    -5.76
      -> sob 'sem_assistencia': DIMINUI (resta 94%)
      -> sob 'assistencia_universal': DIMINUI (resta 85%)

  S_UR_maximo   [menor e melhor]
    config                       centr.     adapt.    dif abs     dif %           p        d
    nominal                     25.1123     6.8235   -18.2888    -72.8%    3.05e-05    -6.49
    sem_assistencia             25.1123     8.0062   -17.1061    -68.1%    3.05e-05    -6.48
    assistencia_universal       22.3517     6.8235   -15.5282    -69.5%    3.05e-05    -5.34
      -> sob 'sem_assistencia': DIMINUI (resta 94%)
      -> sob 'assistencia_universal': DIMINUI (resta 85%)

==============================================================================
BLOCO 3 — VARREDURA DE p_reporte (demais parametros na centralizada)
==============================================================================

   p_reporte  n_com_erro  taxa_omis        TR  retr/plano  atraso_rel   E_total
      0.1500     13.0208     0.2170    68.865      0.2031      3.1345    0.7839
      0.3000     10.6302     0.1772    67.699      0.1997      3.0525    0.7860
      0.4500      8.4948     0.1416    68.305      0.2009      3.0054    0.7862
      0.6000      6.1302     0.1022    68.730      0.2020      2.8942    0.7857
      0.7500      3.7656     0.0628    67.208      0.1979      2.8183    0.7884

  Razao mecanica prevista so por p_reporte: (1-0.75)/(1-0.15) = 0.2941
  Razao observada com SO p_reporte trocado:                  0.2892
  Se as duas coincidem, a taxa de omissao e o parametro reaparecendo na
  saida — manipulation check, nao achado independente (item B11).

--- Arquivos gerados ---
  outputs/tables/modelo_07_ablacao_bruto.csv
  outputs/tables/modelo_07_ablacao_parametros.csv
  outputs/tables/modelo_07_ablacao_mecanismo.csv
  outputs/tables/modelo_07_ablacao_portas.csv
  outputs/tables/modelo_07_ablacao_p_reporte.csv

==============================================================================
RESULTADO: CONCLUIDO
==============================================================================
