==============================================================================
EXPERIMENTO — INFERÊNCIA COM A INSTÂNCIA COMO UNIDADE  [B7]
Execucao: 2026-09-07T02:52:38
==============================================================================

Fonte: modelo_03_experimento_bruto.csv — 384 execucoes, 16 instancias, 12 sementes.
Nenhuma simulacao nova: re-analise do artefato existente.

Menor valor-p bilateral atingivel: n = 192 -> 3.2e-58;  n = 16 -> 3.05e-05

------------------------------------------------------------------------------
ANTES (semente) x DEPOIS (instancia)
------------------------------------------------------------------------------
  metrica                                d antes  d depois  %fav antes  %fav depois    p antes   p depois
  n_com_erro                              -2.400    -7.815      97.9%      100.0%   9.23e-33   4.37e-04
  taxa_omissao                            -2.400    -7.815      97.9%      100.0%   1.02e-32   3.05e-05
  divida_latente_sobre_plano              -2.046    -6.726      98.4%      100.0%   3.78e-33   3.05e-05
  atraso_relativo                         -1.988    -5.546     100.0%      100.0%   2.94e-33   3.05e-05
  E_total                                 +1.901    +3.752      97.4%      100.0%   2.27e-32   3.05e-05
  retrabalho_sobre_plano                  -0.729    -3.074      77.1%      100.0%   2.38e-17   3.05e-05
  retrabalho_sobre_esforco_realizado      +0.288    +1.285      39.6%        6.2%   2.40e-04   9.16e-05

  As MEDIAS por braco nao mudam — a re-analise nao altera resultado
  nominal algum. Mudam o *d* pareado e a proporcao de casos favoraveis,
  porque passam a ser calculados sobre a unidade correta. A correcao
  FORTALECE o efeito: os *d* crescem e a proporcao vai a 16 de 16 em
  todos os indicadores substantivos.

  `[LIMITACAO]` Varios valores-p ficam exatamente no piso de 3,05e-05,
  que e o menor atingivel com 16 pares. O piso indica que TODOS os
  pares apontam no mesmo sentido; nao mede a magnitude do efeito, que
  deve ser lida no *d* e na proporcao.

  `[B11]` 'n_com_erro' e 'taxa_omissao' sao a mesma grandeza dividida
  por 60. Os *d* e as proporcoes coincidem; os valores-p diferem apenas
  pelo tratamento de empates no Wilcoxon sobre valores inteiros. Manter
  as duas na mesma tabela duplica a evidencia.
