==============================================================================
DECOMPOSICAO FATORIAL 2^4 DO CONTRASTE DE GOVERNANCA
Execucao: 2026-09-07T01:05:13
==============================================================================

Fatores: A = tau_inicial, B = tau_min, C = p_reporte, D = p_deteccao
Celulas: 16   Instancias: 16   Sementes: 12   Execucoes: 3072
Codificacao: 0 = valor da centralizada, 1 = valor da adaptativa.
0000 = centralizada nominal; 1111 = adaptativa nominal.

Modelo saturado: 16 termos para 16 celulas — ajuste exato (numero de condicao 47.0).

------------------------------------------------------------------------------
TESTE PREVIO — o fator B (tau_min) tem algum efeito no fatorial?
------------------------------------------------------------------------------
  0000 vs 0100: IDENTICAS linha a linha
  0001 vs 0101: IDENTICAS linha a linha
  0010 vs 0110: IDENTICAS linha a linha
  0011 vs 0111: IDENTICAS linha a linha
  1000 vs 1100: IDENTICAS linha a linha
  1001 vs 1101: IDENTICAS linha a linha
  1010 vs 1110: IDENTICAS linha a linha
  1011 vs 1111: IDENTICAS linha a linha

  B (tau_min) e INERTE em todas as 8 comparacoes. Consequencia:
  todo termo do modelo saturado que contenha B e exatamente zero, e
  o fatorial 2^4 colapsa num 2^3 replicado. Isso NAO e propriedade
  do parametro: e consequencia de tau ser constante e igual para
  todos os agentes (item C3), de modo que o portao `confianca >
  tau_min` so compara tau_inicial com tau_min — e os dois niveis
  testados de tau_min (0,60 e 0,25) caem do mesmo lado dos dois
  niveis testados de tau_inicial (0,25 e 0,80).

==============================================================================
atraso_relativo
  centralizada (0000) = 3.1345    adaptativa (1111) = 1.9991
  contraste nominal   = -1.1354
  soma das parcelas   = -1.1354   (erro maximo por instancia: 4.44e-16)

  termo         parcela  % do contraste  p (Wilcoxon)
  A             -0.5968           52.6%      3.05e-05
  C             -0.3162           27.8%      3.05e-05
  D             -0.4365           38.4%      3.05e-05
  AC            +0.0253           -2.2%      6.32e-01
  AD            -0.1062            9.4%      2.50e-02
  CD            +0.2970          -26.2%      3.05e-05
  ACD           -0.0019            0.2%      7.82e-01

  efeitos principais somados :    -1.3495 ( 118.9% do contraste)
  interacoes somadas         :    +0.2141 ( -18.9% do contraste)

==============================================================================
E_total
  centralizada (0000) = 0.7839    adaptativa (1111) = 0.8885
  contraste nominal   = +0.1046
  soma das parcelas   = +0.1046   (erro maximo por instancia: 0.00e+00)

  termo         parcela  % do contraste  p (Wilcoxon)
  A             +0.1029           98.4%      3.05e-05
  C             +0.0045            4.3%      3.35e-02
  D             +0.0019            1.8%      7.44e-01
  AC            -0.0021           -2.0%      2.98e-01
  AD            -0.0027           -2.6%      8.21e-01
  CD            -0.0024           -2.3%      6.32e-01
  ACD           +0.0025            2.4%      7.82e-01

  efeitos principais somados :    +0.1093 ( 104.5% do contraste)
  interacoes somadas         :    -0.0047 (  -4.5% do contraste)

==============================================================================
TL
  centralizada (0000) = 0.0000    adaptativa (1111) = 10.4896
  contraste nominal   = +10.4896
  soma das parcelas   = +10.4896   (erro maximo por instancia: 1.78e-15)

  termo         parcela  % do contraste  p (Wilcoxon)
  A            +10.3854           99.0%      4.36e-04
  AC            +0.0052            0.0%      9.69e-01
  AD            -0.0156           -0.1%      6.00e-01
  ACD           +0.1146            1.1%      3.20e-01

  efeitos principais somados :   +10.3854 (  99.0% do contraste)
  interacoes somadas         :    +0.1042 (   1.0% do contraste)

==============================================================================
TU
  centralizada (0000) = 126.2656    adaptativa (1111) = 5.9427
  contraste nominal   = -120.3229
  soma das parcelas   = -120.3229   (erro maximo por instancia: 2.84e-14)

  termo         parcela  % do contraste  p (Wilcoxon)
  A           -120.0885           99.8%      3.05e-05
  C             -3.2760            2.7%      1.27e-01
  D             -0.0521            0.0%      9.00e-01
  AC            +2.9219           -2.4%      1.75e-01
  AD            +0.0104           -0.0%      8.60e-01
  CD            +0.4844           -0.4%      7.06e-01
  ACD           -0.3229            0.3%      7.82e-01

  efeitos principais somados :  -123.4167 ( 102.6% do contraste)
  interacoes somadas         :    +3.0938 (  -2.6% do contraste)

==============================================================================
TR
  centralizada (0000) = 68.8653    adaptativa (1111) = 52.5089
  contraste nominal   = -16.3564
  soma das parcelas   = -16.3564   (erro maximo por instancia: 1.42e-14)

  termo         parcela  % do contraste  p (Wilcoxon)
  A            -14.9256           91.3%      3.05e-05
  C             -1.6576           10.1%      2.31e-01
  D             -0.6666            4.1%      4.64e-01
  AC            +0.0098           -0.1%      8.60e-01
  AD            +1.0235           -6.3%      7.06e-01
  CD            +1.3969           -8.5%      4.33e-01
  ACD           -1.5367            9.4%      7.06e-01

  efeitos principais somados :   -17.2498 ( 105.5% do contraste)
  interacoes somadas         :    +0.8934 (  -5.5% do contraste)

==============================================================================
TW
  centralizada (0000) = 696.7969    adaptativa (1111) = 547.1927
  contraste nominal   = -149.6042
  soma das parcelas   = -149.6042   (erro maximo por instancia: 0.00e+00)

  termo         parcela  % do contraste  p (Wilcoxon)
  A           -147.2604           98.4%      3.05e-05
  C             +0.4167           -0.3%      7.17e-01
  D             +1.3750           -0.9%      5.62e-01
  AC            -1.4219            1.0%      5.28e-01
  AD            -2.4115            1.6%      3.23e-01
  CD            -0.9531            0.6%      8.21e-01
  ACD           +0.6510           -0.4%      9.40e-01

  efeitos principais somados :  -145.4688 (  97.2% do contraste)
  interacoes somadas         :    -4.1354 (   2.8% do contraste)

==============================================================================
n_com_erro
  centralizada (0000) = 13.0208    adaptativa (1111) = 3.8229
  contraste nominal   = -9.1979
  soma das parcelas   = -9.1979   (erro maximo por instancia: 5.33e-15)

  termo         parcela  % do contraste  p (Wilcoxon)
  A             -0.9792           10.6%      7.71e-03
  C             -9.2552          100.6%      4.36e-04
  D             -0.0937            1.0%      5.35e-01
  AC            +1.0781          -11.7%      7.63e-03
  AD            +0.4115           -4.5%      1.79e-01
  CD            +0.1979           -2.2%      2.89e-01
  ACD           -0.5573            6.1%      2.11e-01

  efeitos principais somados :   -10.3281 ( 112.3% do contraste)
  interacoes somadas         :    +1.1302 ( -12.3% do contraste)

==============================================================================
taxa_omissao
  centralizada (0000) = 0.2170    adaptativa (1111) = 0.0637
  contraste nominal   = -0.1533
  soma das parcelas   = -0.1533   (erro maximo por instancia: 5.55e-17)

  termo         parcela  % do contraste  p (Wilcoxon)
  A             -0.0163           10.6%      7.15e-03
  C             -0.1543          100.6%      4.34e-04
  D             -0.0016            1.0%      5.97e-01
  AC            +0.0180          -11.7%      7.63e-03
  AD            +0.0069           -4.5%      1.75e-01
  CD            +0.0033           -2.2%      2.55e-01
  ACD           -0.0093            6.1%      2.11e-01

  efeitos principais somados :    -0.1721 ( 112.3% do contraste)
  interacoes somadas         :    +0.0188 ( -12.3% do contraste)

==============================================================================
retrabalho_sobre_plano
  centralizada (0000) = 0.2031    adaptativa (1111) = 0.1545
  contraste nominal   = -0.0486
  soma das parcelas   = -0.0486   (erro maximo por instancia: 0.00e+00)

  termo         parcela  % do contraste  p (Wilcoxon)
  A             -0.0445           91.5%      3.05e-05
  C             -0.0052           10.7%      2.11e-01
  D             -0.0025            5.1%      4.95e-01
  AC            +0.0005           -0.9%      9.00e-01
  AD            +0.0035           -7.3%      7.06e-01
  CD            +0.0044           -9.1%      4.04e-01
  ACD           -0.0049           10.1%      6.69e-01

  efeitos principais somados :    -0.0521 ( 107.2% do contraste)
  interacoes somadas         :    +0.0035 (  -7.2% do contraste)

==============================================================================
divida_latente_sobre_plano
  centralizada (0000) = 0.0741    adaptativa (1111) = 0.0201
  contraste nominal   = -0.0540
  soma das parcelas   = -0.0540   (erro maximo por instancia: 2.78e-17)

  termo         parcela  % do contraste  p (Wilcoxon)
  A             -0.0122           22.6%      7.63e-04
  C             -0.0444           82.2%      3.05e-05
  D             -0.0308           57.1%      3.05e-05
  AC            +0.0094          -17.4%      3.36e-03
  AD            +0.0063          -11.7%      1.82e-02
  CD            +0.0246          -45.5%      3.05e-05
  ACD           -0.0068           12.7%      1.55e-02

  efeitos principais somados :    -0.0874 ( 161.8% do contraste)
  interacoes somadas         :    +0.0334 ( -61.8% do contraste)

==============================================================================
S_UR_maximo
  centralizada (0000) = 25.1123    adaptativa (1111) = 6.8235
  contraste nominal   = -18.2888
  soma das parcelas   = -18.2888   (erro maximo por instancia: 7.11e-15)

  termo         parcela  % do contraste  p (Wilcoxon)
  A             -4.0866           22.3%      7.63e-04
  C            -15.0171           82.1%      3.05e-05
  D            -10.4676           57.2%      3.05e-05
  AC            +3.1186          -17.1%      3.36e-03
  AD            +2.1306          -11.6%      1.55e-02
  CD            +8.3617          -45.7%      3.05e-05
  ACD           -2.3284           12.7%      1.55e-02

  efeitos principais somados :   -29.5713 ( 161.7% do contraste)
  interacoes somadas         :   +11.2825 ( -61.7% do contraste)

--- Arquivos gerados ---
  outputs/tables/modelo_10_fatorial_celulas.csv
  outputs/tables/modelo_10_fatorial_decomposicao.csv
