==============================================================================
AUDITORIA DAS INSTANCIAS PSPLIB J60
Execucao: 2026-09-03T18:58:58
==============================================================================

Arquivos encontrados: 480

==============================================================================
ESTRUTURA DECLARADA
==============================================================================
  n_nos                        valores distintos: [np.int64(62)]  [OK]
  n_atividades_reais           valores distintos: [np.int64(60)]  [OK]
  n_recursos_renovaveis        valores distintos: [np.int64(4)]  [OK]
  n_recursos_nao_renovaveis    valores distintos: [np.int64(0)]  [OK]
  grafos aciclicos             480/480  [OK]

==============================================================================
GRADE DE PARAMETROS RECONSTRUIDA A PARTIR DOS ARQUIVOS
==============================================================================
  Combinacoes encontradas : 48
  Instancias por combinacao: [np.int64(10)]  [OK]

------------------------------------------------------------------------------
RECONSTRUCAO DOS NIVEIS NOMINAIS
------------------------------------------------------------------------------
  NC: constante dentro de cada combinacao? True
  RF: constante dentro de cada combinacao? True
  RS: constante dentro de cada combinacao? False

  Niveis de NC: 3 | niveis de RF: 4
  Logo, para 48 combinacoes, o delineamento exige 4 niveis de RS.

   nivel  combinacoes     RS realizado (min - max)     media
       1           12        0.1797 - 0.2075          0.1975
       2           12        0.5053 - 0.5227          0.5106
       3           12        0.6994 - 0.7180          0.7038
       4           12        1.0000 - 1.0000          1.0000

  Celulas do delineamento fatorial : 3 x 4 x 4 = 48
  Celulas efetivamente preenchidas  : 48
  Combinacoes por celula            : [np.int64(1)]
  [OK]    Delineamento fatorial completo e balanceado, 3x4x4, 10 instancias por celula

  Maior amplitude de RS realizado dentro de uma combinacao: 0.1200
  Interpretacao: e a margem de arredondamento do gerador, nao variacao
  de tratamento. O nivel nominal deve ser usado como fator; o RS
  realizado, se necessario, como covariavel continua.

  Grade final (nivel nominal -> valores realizados):
     comb  nvNC  nvRF  nvRS       NC       RF  RS medio
        1     1     1     1   1.5000   0.2500    0.2075
        2     1     1     2   1.5000   0.2500    0.5177
        3     1     1     3   1.5000   0.2500    0.7073
        4     1     1     4   1.5000   0.2500    1.0000
        5     1     2     1   1.5000   0.5042    0.2006
        6     1     2     2   1.5000   0.5042    0.5075
        7     1     2     3   1.5000   0.5042    0.7031
        8     1     2     4   1.5000   0.5042    1.0000
        9     1     3     1   1.5000   0.7542    0.2000
       10     1     3     2   1.5000   0.7542    0.5066
       11     1     3     3   1.5000   0.7542    0.6994
       12     1     3     4   1.5000   0.7542    1.0000
       13     1     4     1   1.5000   1.0000    0.1999
       14     1     4     2   1.5000   1.0000    0.5053
       15     1     4     3   1.5000   1.0000    0.7020
       16     1     4     4   1.5000   1.0000    1.0000
       17     2     1     1   1.8065   0.2500    0.1797
       18     2     1     2   1.8065   0.2500    0.5227
       19     2     1     3   1.8065   0.2500    0.7180
       20     2     1     4   1.8065   0.2500    1.0000
       21     2     2     1   1.8065   0.5042    0.1954
       22     2     2     2   1.8065   0.5042    0.5090
       23     2     2     3   1.8065   0.5042    0.7044
       24     2     2     4   1.8065   0.5042    1.0000
       25     2     3     1   1.8065   0.7542    0.2022
       26     2     3     2   1.8065   0.7542    0.5077
       27     2     3     3   1.8065   0.7542    0.7012
       28     2     3     4   1.8065   0.7542    1.0000
       29     2     4     1   1.8065   1.0000    0.1988
       30     2     4     2   1.8065   1.0000    0.5053
       31     2     4     3   1.8065   1.0000    0.7002
       32     2     4     4   1.8065   1.0000    1.0000
       33     3     1     1   2.1129   0.2500    0.1936
       34     3     1     2   2.1129   0.2500    0.5212
       35     3     1     3   2.1129   0.2500    0.7024
       36     3     1     4   2.1129   0.2500    1.0000
       37     3     2     1   2.1129   0.5042    0.1979
       38     3     2     2   2.1129   0.5042    0.5109
       39     3     2     3   2.1129   0.5042    0.7064
       40     3     2     4   2.1129   0.5042    1.0000
       41     3     3     1   2.1129   0.7542    0.1936
       42     3     3     2   2.1129   0.7542    0.5080
       43     3     3     3   2.1129   0.7542    0.6994
       44     3     3     4   2.1129   0.7542    1.0000
       45     3     4     1   2.1129   1.0000    0.2012
       46     3     4     2   2.1129   1.0000    0.5053
       47     3     4     3   2.1129   1.0000    0.7021
       48     3     4     4   2.1129   1.0000    1.0000

==============================================================================
DESCRITIVAS DAS TAREFAS
==============================================================================
  Tarefas registradas (todas)   : 29760
  Tarefas com duracao positiva  : 28800
  Duracao   min/mediana/max     : 1 / 6.0 / 10
  Sucessores min/mediana/max    : 0 / 2.0 / 3

--- Arquivos gerados ---
  data/processed/psplib/instancias_j60.csv  (480 linhas)
  data/processed/psplib/tarefas_j60.csv     (29760 linhas)
  outputs/tables/psplib_01_grade_parametros.csv (48 linhas)

==============================================================================
RESULTADO: CONCLUIDO, VERIFICACOES OK
==============================================================================
