==============================================================================
INDICE DE DIFICULDADE TECNICA Di — PSPLIB J60
Execucao: 2026-09-05T13:47:52
==============================================================================

Tarefas lidas    : 29760
Instancias lidas : 480
Recursos         : ['R1', 'R2', 'R3', 'R4']

--- CPM: passagens para frente e para tras ---
  Instancias processadas          : 480
  Divergencias de makespan vs 01  : 0  [OK]

  Tarefas ficticias excluidas     : 960 (esperado 480 x 2 = 960)
  Tarefas reais                   : 28800 (esperado 28.800)

--- Componentes do indice ---
  duracao_norm               min=0.0000  max=1.0000  media=0.5026
  intensidade_norm           min=0.0000  max=1.0000  media=0.4371
  criticidade_folga          min=0.0000  max=1.0000  media=0.6737
  criticidade_sucessores     min=0.0000  max=1.0000  media=0.4083

==============================================================================
CRITICIDADE: FOLGA TOTAL x CONTAGEM DE SUCESSORES
==============================================================================
  Correlacao de Spearman entre as duas medidas : 0.1164
  Tarefas com folga zero (caminho critico)     : 5742 (19.94%)
  Dessas, com ZERO sucessores                  : 0
  Tarefas com folga ALTA e 3+ sucessores       : 3488

  Leitura: se as duas medidas concordassem, a correlacao seria proxima
  de 1 e as duas contagens acima seriam proximas de zero. O quanto elas
  divergem e a medida de quanto a contagem de sucessores erra como
  proxy de criticidade.

==============================================================================
INDICE Di E SENSIBILIDADE AOS PESOS
==============================================================================
  esquema                               w_dur  w_rec  w_cri   media      dp  rho vs referencia
  iguais (partida do Guia)               0.33   0.33   0.33  0.5378  0.1747             1.0000
  criticidade reduzida (achado NASA)     0.40   0.40   0.20  0.5106  0.1788             0.9695
  so magnitude                           0.50   0.50   0.00  0.4699  0.2023             0.8488
  duracao dominante                      0.60   0.20   0.20  0.5237  0.2156             0.9036
  recursos dominante                     0.20   0.60   0.20  0.4975  0.1752             0.8470
  criticidade dominante                  0.20   0.20   0.60  0.5922  0.1957             0.8944

  Di adotado: pesos iguais (1/3, 1/3, 1/3), conforme o Guia.
  A tabela acima permite trocar a ponderacao com base em numeros; o
  esquema 'criticidade reduzida' e a alternativa sugerida pelo achado
  da calibracao NASA, e sua correlacao com a referencia esta reportada.

==============================================================================
NIVEIS ORDINAIS DE DIFICULDADE
==============================================================================
  `[DECISAO]` Os cortes sao os quartis da distribuicao de Di sobre todas
  as tarefas reais. Justificativa: nao existe, para tarefas de projeto,
  um limiar normativo externo equivalente ao SWE-220 do dominio de
  software. Quartis produzem quatro niveis de tamanho comparavel, o que
  e requisito para a transferencia ordinal, e a escolha e declarada como
  decisao deste trabalho, nao como limiar da literatura.

  Cortes (quartis de Di): [0.4137, 0.5424, 0.6662]

  nivel              n       %   Di min   Di max  dur.media  folga.media
  baixa           7200  25.00%   0.0000   0.4136       2.87        26.07
  media           7200  25.00%   0.4137   0.5424       4.62        16.45
  alta            7200  25.00%   0.5424   0.6662       6.38        11.22
  muito alta      7200  25.00%   0.6662   1.0000       8.22         5.42

==============================================================================
VERIFICACOES
==============================================================================
  [OK]    28.800 tarefas reais (480 x 60)
  [OK]    Todos os componentes e o Di dentro de [0, 1]
  [OK]    Tarefas ficticias de inicio e fim com folga zero
  [OK]    Makespan da passagem para tras coincide com o do script 01
  [INFO]  Menor correlacao de ordenacao entre esquemas de peso: 0.8470

--- Arquivos gerados ---
  data/processed/psplib/tarefas_j60_com_di.csv (28800 linhas)
  outputs/tables/psplib_02_componentes_correlacao.csv
  outputs/tables/psplib_02_sensibilidade_pesos.csv
  outputs/tables/psplib_02_distribuicao_niveis.csv

==============================================================================
RESULTADO: CONCLUIDO, VERIFICACOES OK
==============================================================================
